Archive member included to satisfy reference by file (symbol)

../Middlewares/ST/AI/Lib/NetworkRuntime520_CM4_GCC.a(ai_platform_interface.o)
                              X-CUBE-AI/App/network.o (ai_platform_runtime_get_revision)
../Middlewares/ST/AI/Lib/NetworkRuntime520_CM4_GCC.a(core_mem_manager.o)
                              ../Middlewares/ST/AI/Lib/NetworkRuntime520_CM4_GCC.a(ai_platform_interface.o) (core_mem_alloc)
../Middlewares/ST/AI/Lib/NetworkRuntime520_CM4_GCC.a(core_common.o)
                              ../Middlewares/ST/AI/Lib/NetworkRuntime520_CM4_GCC.a(ai_platform_interface.o) (core_init)
../Middlewares/ST/AI/Lib/NetworkRuntime520_CM4_GCC.a(layers_conv2d_generic_float.o)
                              X-CUBE-AI/App/network.o (forward_conv2d_nl_pool)
../Middlewares/ST/AI/Lib/NetworkRuntime520_CM4_GCC.a(layers_nl_generic_float.o)
                              X-CUBE-AI/App/network.o (nl_func_relu_array_f32)
../Middlewares/ST/AI/Lib/NetworkRuntime520_CM4_GCC.a(layers_pool_generic_float.o)
                              X-CUBE-AI/App/network.o (pool_func_mp_array_f32)
../Middlewares/ST/AI/Lib/NetworkRuntime520_CM4_GCC.a(layers.o)
                              ../Middlewares/ST/AI/Lib/NetworkRuntime520_CM4_GCC.a(ai_platform_interface.o) (ai_check_custom_types)
../Middlewares/ST/AI/Lib/NetworkRuntime520_CM4_GCC.a(arm_mat_init_f32.o)
                              ../Middlewares/ST/AI/Lib/NetworkRuntime520_CM4_GCC.a(layers_conv2d_generic_float.o) (arm_mat_init_f32)
../Middlewares/ST/AI/Lib/NetworkRuntime520_CM4_GCC.a(ai_datatypes_format.o)
                              ../Middlewares/ST/AI/Lib/NetworkRuntime520_CM4_GCC.a(ai_platform_interface.o) (ai_array_to_buffer_fmt)
../Middlewares/ST/AI/Lib/NetworkRuntime520_CM4_GCC.a(ai_math_helpers.o)
                              ../Middlewares/ST/AI/Lib/NetworkRuntime520_CM4_GCC.a(layers_nl_generic_float.o) (ai_math_sqrt)
/media/getz1165/LinuxExtended/st/ide/plugins/com.st.stm32cube.ide.mcu.externaltools.gnu-tools-for-stm32.7-2018-q2-update.linux64_1.5.0.202011040924/tools/bin/../lib/gcc/arm-none-eabi/7.3.1/../../../../arm-none-eabi/lib/thumb/v7e-m/fpv4-sp/hard/libm.a(lib_a-sf_asinh.o)
                              ../Middlewares/ST/AI/Lib/NetworkRuntime520_CM4_GCC.a(layers_nl_generic_float.o) (asinhf)
/media/getz1165/LinuxExtended/st/ide/plugins/com.st.stm32cube.ide.mcu.externaltools.gnu-tools-for-stm32.7-2018-q2-update.linux64_1.5.0.202011040924/tools/bin/../lib/gcc/arm-none-eabi/7.3.1/../../../../arm-none-eabi/lib/thumb/v7e-m/fpv4-sp/hard/libm.a(lib_a-sf_atan.o)
                              ../Middlewares/ST/AI/Lib/NetworkRuntime520_CM4_GCC.a(layers_nl_generic_float.o) (atanf)
/media/getz1165/LinuxExtended/st/ide/plugins/com.st.stm32cube.ide.mcu.externaltools.gnu-tools-for-stm32.7-2018-q2-update.linux64_1.5.0.202011040924/tools/bin/../lib/gcc/arm-none-eabi/7.3.1/../../../../arm-none-eabi/lib/thumb/v7e-m/fpv4-sp/hard/libm.a(lib_a-sf_ceil.o)
                              ../Middlewares/ST/AI/Lib/NetworkRuntime520_CM4_GCC.a(layers_nl_generic_float.o) (ceilf)
/media/getz1165/LinuxExtended/st/ide/plugins/com.st.stm32cube.ide.mcu.externaltools.gnu-tools-for-stm32.7-2018-q2-update.linux64_1.5.0.202011040924/tools/bin/../lib/gcc/arm-none-eabi/7.3.1/../../../../arm-none-eabi/lib/thumb/v7e-m/fpv4-sp/hard/libm.a(lib_a-sf_cos.o)
                              ../Middlewares/ST/AI/Lib/NetworkRuntime520_CM4_GCC.a(layers_nl_generic_float.o) (cosf)
/media/getz1165/LinuxExtended/st/ide/plugins/com.st.stm32cube.ide.mcu.externaltools.gnu-tools-for-stm32.7-2018-q2-update.linux64_1.5.0.202011040924/tools/bin/../lib/gcc/arm-none-eabi/7.3.1/../../../../arm-none-eabi/lib/thumb/v7e-m/fpv4-sp/hard/libm.a(lib_a-sf_erf.o)
                              ../Middlewares/ST/AI/Lib/NetworkRuntime520_CM4_GCC.a(layers_nl_generic_float.o) (erff)
/media/getz1165/LinuxExtended/st/ide/plugins/com.st.stm32cube.ide.mcu.externaltools.gnu-tools-for-stm32.7-2018-q2-update.linux64_1.5.0.202011040924/tools/bin/../lib/gcc/arm-none-eabi/7.3.1/../../../../arm-none-eabi/lib/thumb/v7e-m/fpv4-sp/hard/libm.a(lib_a-sf_fabs.o)
                              /media/getz1165/LinuxExtended/st/ide/plugins/com.st.stm32cube.ide.mcu.externaltools.gnu-tools-for-stm32.7-2018-q2-update.linux64_1.5.0.202011040924/tools/bin/../lib/gcc/arm-none-eabi/7.3.1/../../../../arm-none-eabi/lib/thumb/v7e-m/fpv4-sp/hard/libm.a(lib_a-sf_asinh.o) (fabsf)
/media/getz1165/LinuxExtended/st/ide/plugins/com.st.stm32cube.ide.mcu.externaltools.gnu-tools-for-stm32.7-2018-q2-update.linux64_1.5.0.202011040924/tools/bin/../lib/gcc/arm-none-eabi/7.3.1/../../../../arm-none-eabi/lib/thumb/v7e-m/fpv4-sp/hard/libm.a(lib_a-sf_floor.o)
                              ../Middlewares/ST/AI/Lib/NetworkRuntime520_CM4_GCC.a(layers_nl_generic_float.o) (floorf)
[...]
Memory Configuration

Name             Origin             Length             Attributes
RAM              0x0000000020000000 0x0000000000018000 xrw
FLASH            0x0000000008000000 0x0000000000080000 xr
*default*        0x0000000000000000 0xffffffffffffffff

Linker script and memory map

LOAD /media/getz1165/LinuxExtended/st/ide/plugins/com.st.stm32cube.ide.mcu.externaltools.gnu-tools-for-stm32.7-2018-q2-update.linux64_1.5.0.202011040924/tools/bin/../lib/gcc/arm-none-eabi/7.3.1/thumb/v7e-m/fpv4-sp/hard/crti.o
LOAD /media/getz1165/LinuxExtended/st/ide/plugins/com.st.stm32cube.ide.mcu.externaltools.gnu-tools-for-stm32.7-2018-q2-update.linux64_1.5.0.202011040924/tools/bin/../lib/gcc/arm-none-eabi/7.3.1/thumb/v7e-m/fpv4-sp/hard/crtbegin.o
LOAD /media/getz1165/LinuxExtended/st/ide/plugins/com.st.stm32cube.ide.mcu.externaltools.gnu-tools-for-stm32.7-2018-q2-update.linux64_1.5.0.202011040924/tools/bin/../lib/gcc/arm-none-eabi/7.3.1/../../../../arm-none-eabi/lib/thumb/v7e-m/fpv4-sp/hard/crt0.o
LOAD Core/Src/lis331dlh_reg.o
LOAD Core/Src/main.o
LOAD Core/Src/stm32f4xx_hal_msp.o
LOAD Core/Src/stm32f4xx_it.o
LOAD Core/Src/syscalls.o
LOAD Core/Src/sysmem.o
LOAD Core/Src/system_stm32f4xx.o
LOAD Core/Startup/startup_stm32f401retx.o
LOAD Drivers/STM32F4xx_HAL_Driver/Src/stm32f4xx_hal.o
LOAD Drivers/STM32F4xx_HAL_Driver/Src/stm32f4xx_hal_cortex.o
LOAD Drivers/STM32F4xx_HAL_Driver/Src/stm32f4xx_hal_crc.o
LOAD Drivers/STM32F4xx_HAL_Driver/Src/stm32f4xx_hal_dma.o
LOAD Drivers/STM32F4xx_HAL_Driver/Src/stm32f4xx_hal_dma_ex.o
LOAD Drivers/STM32F4xx_HAL_Driver/Src/stm32f4xx_hal_exti.o
LOAD Drivers/STM32F4xx_HAL_Driver/Src/stm32f4xx_hal_flash.o
LOAD Drivers/STM32F4xx_HAL_Driver/Src/stm32f4xx_hal_flash_ex.o
LOAD Drivers/STM32F4xx_HAL_Driver/Src/stm32f4xx_hal_flash_ramfunc.o
LOAD Drivers/STM32F4xx_HAL_Driver/Src/stm32f4xx_hal_gpio.o
LOAD Drivers/STM32F4xx_HAL_Driver/Src/stm32f4xx_hal_i2c.o
LOAD Drivers/STM32F4xx_HAL_Driver/Src/stm32f4xx_hal_i2c_ex.o
LOAD Drivers/STM32F4xx_HAL_Driver/Src/stm32f4xx_hal_pwr.o
LOAD Drivers/STM32F4xx_HAL_Driver/Src/stm32f4xx_hal_pwr_ex.o
LOAD Drivers/STM32F4xx_HAL_Driver/Src/stm32f4xx_hal_rcc.o
LOAD Drivers/STM32F4xx_HAL_Driver/Src/stm32f4xx_hal_rcc_ex.o
LOAD Drivers/STM32F4xx_HAL_Driver/Src/stm32f4xx_hal_tim.o
LOAD Drivers/STM32F4xx_HAL_Driver/Src/stm32f4xx_hal_tim_ex.o
LOAD Drivers/STM32F4xx_HAL_Driver/Src/stm32f4xx_hal_uart.o
LOAD X-CUBE-AI/App/app_x-cube-ai.o
LOAD X-CUBE-AI/App/network.o
LOAD X-CUBE-AI/App/network_data.o
LOAD ../Middlewares/ST/AI/Lib/NetworkRuntime520_CM4_GCC.a
START GROUP
LOAD /media/getz1165/LinuxExtended/st/ide/plugins/com.st.stm32cube.ide.mcu.externaltools.gnu-tools-for-stm32.7-2018-q2-update.linux64_1.5.0.202011040924/tools/bin/../lib/gcc/arm-none-eabi/7.3.1/../../../../arm-none-eabi/lib/thumb/v7e-m/fpv4-sp/hard/libstdc++_nano.a
LOAD /media/getz1165/LinuxExtended/st/ide/plugins/com.st.stm32cube.ide.mcu.externaltools.gnu-tools-for-stm32.7-2018-q2-update.linux64_1.5.0.202011040924/tools/bin/../lib/gcc/arm-none-eabi/7.3.1/../../../../arm-none-eabi/lib/thumb/v7e-m/fpv4-sp/hard/libsupc++_nano.a
END GROUP
LOAD /media/getz1165/LinuxExtended/st/ide/plugins/com.st.stm32cube.ide.mcu.externaltools.gnu-tools-for-stm32.7-2018-q2-update.linux64_1.5.0.202011040924/tools/bin/../lib/gcc/arm-none-eabi/7.3.1/../../../../arm-none-eabi/lib/thumb/v7e-m/fpv4-sp/hard/libstdc++_nano.a
LOAD /media/getz1165/LinuxExtended/st/ide/plugins/com.st.stm32cube.ide.mcu.externaltools.gnu-tools-for-stm32.7-2018-q2-update.linux64_1.5.0.202011040924/tools/bin/../lib/gcc/arm-none-eabi/7.3.1/../../../../arm-none-eabi/lib/thumb/v7e-m/fpv4-sp/hard/libm.a
LOAD /media/getz1165/LinuxExtended/st/ide/plugins/com.st.stm32cube.ide.mcu.externaltools.gnu-tools-for-stm32.7-2018-q2-update.linux64_1.5.0.202011040924/tools/bin/../lib/gcc/arm-none-eabi/7.3.1/../../../../arm-none-eabi/lib/thumb/v7e-m/fpv4-sp/hard/libc_nano.a
START GROUP
LOAD /media/getz1165/LinuxExtended/st/ide/plugins/com.st.stm32cube.ide.mcu.externaltools.gnu-tools-for-stm32.7-2018-q2-update.linux64_1.5.0.202011040924/tools/bin/../lib/gcc/arm-none-eabi/7.3.1/thumb/v7e-m/fpv4-sp/hard/libgcc.a
LOAD /media/getz1165/LinuxExtended/st/ide/plugins/com.st.stm32cube.ide.mcu.externaltools.gnu-tools-for-stm32.7-2018-q2-update.linux64_1.5.0.202011040924/tools/bin/../lib/gcc/arm-none-eabi/7.3.1/../../../../arm-none-eabi/lib/thumb/v7e-m/fpv4-sp/hard/libc_nano.a
END GROUP
START GROUP
LOAD /media/getz1165/LinuxExtended/st/ide/plugins/com.st.stm32cube.ide.mcu.externaltools.gnu-tools-for-stm32.7-2018-q2-update.linux64_1.5.0.202011040924/tools/bin/../lib/gcc/arm-none-eabi/7.3.1/thumb/v7e-m/fpv4-sp/hard/libgcc.a
LOAD /media/getz1165/LinuxExtended/st/ide/plugins/com.st.stm32cube.ide.mcu.externaltools.gnu-tools-for-stm32.7-2018-q2-update.linux64_1.5.0.202011040924/tools/bin/../lib/gcc/arm-none-eabi/7.3.1/../../../../arm-none-eabi/lib/thumb/v7e-m/fpv4-sp/hard/libc_nano.a
LOAD /media/getz1165/LinuxExtended/st/ide/plugins/com.st.stm32cube.ide.mcu.externaltools.gnu-tools-for-stm32.7-2018-q2-update.linux64_1.5.0.202011040924/tools/bin/../lib/gcc/arm-none-eabi/7.3.1/../../../../arm-none-eabi/lib/thumb/v7e-m/fpv4-sp/hard/libnosys.a
END GROUP
START GROUP
LOAD /media/getz1165/LinuxExtended/st/ide/plugins/com.st.stm32cube.ide.mcu.externaltools.gnu-tools-for-stm32.7-2018-q2-update.linux64_1.5.0.202011040924/tools/bin/../lib/gcc/arm-none-eabi/7.3.1/thumb/v7e-m/fpv4-sp/hard/libgcc.a
LOAD /media/getz1165/LinuxExtended/st/ide/plugins/com.st.stm32cube.ide.mcu.externaltools.gnu-tools-for-stm32.7-2018-q2-update.linux64_1.5.0.202011040924/tools/bin/../lib/gcc/arm-none-eabi/7.3.1/../../../../arm-none-eabi/lib/thumb/v7e-m/fpv4-sp/hard/libc_nano.a
LOAD /media/getz1165/LinuxExtended/st/ide/plugins/com.st.stm32cube.ide.mcu.externaltools.gnu-tools-for-stm32.7-2018-q2-update.linux64_1.5.0.202011040924/tools/bin/../lib/gcc/arm-none-eabi/7.3.1/../../../../arm-none-eabi/lib/thumb/v7e-m/fpv4-sp/hard/libnosys.a
END GROUP
LOAD /media/getz1165/LinuxExtended/st/ide/plugins/com.st.stm32cube.ide.mcu.externaltools.gnu-tools-for-stm32.7-2018-q2-update.linux64_1.5.0.202011040924/tools/bin/../lib/gcc/arm-none-eabi/7.3.1/thumb/v7e-m/fpv4-sp/hard/crtend.o
LOAD /media/getz1165/LinuxExtended/st/ide/plugins/com.st.stm32cube.ide.mcu.externaltools.gnu-tools-for-stm32.7-2018-q2-update.linux64_1.5.0.202011040924/tools/bin/../lib/gcc/arm-none-eabi/7.3.1/thumb/v7e-m/fpv4-sp/hard/crtn.o
                0x0000000020018000                _estack = (ORIGIN (RAM) + LENGTH (RAM))
                0x0000000000000200                _Min_Heap_Size = 0x200
                0x0000000000000800                _Min_Stack_Size = 0x800

.isr_vector     0x0000000008000000      0x194
                0x0000000008000000                . = ALIGN (0x4)
 *(.isr_vector)
 .isr_vector    0x0000000008000000      0x194 Core/Startup/startup_stm32f401retx.o
                0x0000000008000000                g_pfnVectors
                0x0000000008000194                . = ALIGN (0x4)

.text           0x00000000080001a0     0xa58c
                0x00000000080001a0                . = ALIGN (0x4)
 *(.text)
 .text          0x00000000080001a0       0x40 /media/getz1165/LinuxExtended/st/ide/plugins/com.st.stm32cube.ide.mcu.externaltools.gnu-tools-for-stm32.7-2018-q2-update.linux64_1.5.0.202011040924/tools/bin/../lib/gcc/arm-none-eabi/7.3.1/thumb/v7e-m/fpv4-sp/hard/crtbegin.o
 .text          0x00000000080001e0       0x10 /media/getz1165/LinuxExtended/st/ide/plugins/com.st.stm32cube.ide.mcu.externaltools.gnu-tools-for-stm32.7-2018-q2-update.linux64_1.5.0.202011040924/tools/bin/../lib/gcc/arm-none-eabi/7.3.1/../../../../arm-none-eabi/lib/thumb/v7e-m/fpv4-sp/hard/libc_nano.a(lib_a-strlen.o)
                0x00000000080001e0                strlen
 .text          0x00000000080001f0       0xa0 /media/getz1165/LinuxExtended/st/ide/plugins/com.st.stm32cube.ide.mcu.externaltools.gnu-tools-for-stm32.7-2018-q2-update.linux64_1.5.0.202011040924/tools/bin/../lib/gcc/arm-none-eabi/7.3.1/../../../../arm-none-eabi/lib/thumb/v7e-m/fpv4-sp/hard/libc_nano.a(lib_a-memchr.o)
                0x00000000080001f0                memchr
 .text          0x0000000008000290      0x378 /media/getz1165/LinuxExtended/st/ide/plugins/com.st.stm32cube.ide.mcu.externaltools.gnu-tools-for-stm32.7-2018-q2-update.linux64_1.5.0.202011040924/tools/bin/../lib/gcc/arm-none-eabi/7.3.1/thumb/v7e-m/fpv4-sp/hard/libgcc.a(_arm_addsubdf3.o)
                0x0000000008000290                __aeabi_drsub
                0x0000000008000298                __aeabi_dsub
                0x0000000008000298                __subdf3
                0x000000000800029c                __adddf3
                0x000000000800029c                __aeabi_dadd
                0x0000000008000514                __aeabi_ui2d
                0x0000000008000514                __floatunsidf
                0x0000000008000534                __floatsidf
                0x0000000008000534                __aeabi_i2d
                0x0000000008000558                __extendsfdf2
                0x0000000008000558                __aeabi_f2d
                0x000000000800059c                __aeabi_ul2d
                0x000000000800059c                __floatundidf
                0x00000000080005ac                __floatdidf
                0x00000000080005ac                __aeabi_l2d
 .text          0x0000000008000608      0x424 /media/getz1165/LinuxExtended/st/ide/plugins/com.st.stm32cube.ide.mcu.externaltools.gnu-tools-for-stm32.7-2018-q2-update.linux64_1.5.0.202011040924/tools/bin/../lib/gcc/arm-none-eabi/7.3.1/thumb/v7e-m/fpv4-sp/hard/libgcc.a(_arm_muldivdf3.o)
                0x0000000008000608                __aeabi_dmul
                0x0000000008000608                __muldf3
                0x000000000800085c                __aeabi_ddiv
                0x000000000800085c                __divdf3
 .text          0x0000000008000a2c      0x110 /media/getz1165/LinuxExtended/st/ide/plugins/com.st.stm32cube.ide.mcu.externaltools.gnu-tools-for-stm32.7-2018-q2-update.linux64_1.5.0.202011040924/tools/bin/../lib/gcc/arm-none-eabi/7.3.1/thumb/v7e-m/fpv4-sp/hard/libgcc.a(_arm_cmpdf2.o)
                0x0000000008000a2c                __gtdf2
                0x0000000008000a2c                __gedf2
                0x0000000008000a34                __ltdf2
                0x0000000008000a34                __ledf2
                0x0000000008000a3c                __cmpdf2
                0x0000000008000a3c                __eqdf2
                0x0000000008000a3c                __nedf2
                0x0000000008000ab8                __aeabi_cdrcmple
                0x0000000008000ac8                __aeabi_cdcmple
                0x0000000008000ac8                __aeabi_cdcmpeq
                0x0000000008000ad8                __aeabi_dcmpeq
                0x0000000008000aec                __aeabi_dcmplt
                0x0000000008000b00                __aeabi_dcmple
                0x0000000008000b14                __aeabi_dcmpge
                0x0000000008000b28                __aeabi_dcmpgt
 .text          0x0000000008000b3c       0x2c /media/getz1165/LinuxExtended/st/ide/plugins/com.st.stm32cube.ide.mcu.externaltools.gnu-tools-for-stm32.7-2018-q2-update.linux64_1.5.0.202011040924/tools/bin/../lib/gcc/arm-none-eabi/7.3.1/thumb/v7e-m/fpv4-sp/hard/libgcc.a(_arm_unorddf2.o)
                0x0000000008000b3c                __aeabi_dcmpun
                0x0000000008000b3c                __unorddf2
 .text          0x0000000008000b68       0x50 /media/getz1165/LinuxExtended/st/ide/plugins/com.st.stm32cube.ide.mcu.externaltools.gnu-tools-for-stm32.7-2018-q2-update.linux64_1.5.0.202011040924/tools/bin/../lib/gcc/arm-none-eabi/7.3.1/thumb/v7e-m/fpv4-sp/hard/libgcc.a(_arm_fixdfsi.o)
                0x0000000008000b68                __fixdfsi
                0x0000000008000b68                __aeabi_d2iz
 .text          0x0000000008000bb8       0xa0 /media/getz1165/LinuxExtended/st/ide/plugins/com.st.stm32cube.ide.mcu.externaltools.gnu-tools-for-stm32.7-2018-q2-update.linux64_1.5.0.202011040924/tools/bin/../lib/gcc/arm-none-eabi/7.3.1/thumb/v7e-m/fpv4-sp/hard/libgcc.a(_arm_truncdfsf2.o)
                0x0000000008000bb8                __aeabi_d2f
                0x0000000008000bb8                __truncdfsf2
 .text          0x0000000008000c58       0x30 /media/getz1165/LinuxExtended/st/ide/plugins/com.st.stm32cube.ide.mcu.externaltools.gnu-tools-for-stm32.7-2018-q2-update.linux64_1.5.0.202011040924/tools/bin/../lib/gcc/arm-none-eabi/7.3.1/thumb/v7e-m/fpv4-sp/hard/libgcc.a(_aeabi_uldivmod.o)
                0x0000000008000c58                __aeabi_uldivmod
 .text          0x0000000008000c88      0x2cc /media/getz1165/LinuxExtended/st/ide/plugins/com.st.stm32cube.ide.mcu.externaltools.gnu-tools-for-stm32.7-2018-q2-update.linux64_1.5.0.202011040924/tools/bin/../lib/gcc/arm-none-eabi/7.3.1/thumb/v7e-m/fpv4-sp/hard/libgcc.a(_udivmoddi4.o)
                0x0000000008000c88                __udivmoddi4
 .text          0x0000000008000f54        0x4 /media/getz1165/LinuxExtended/st/ide/plugins/com.st.stm32cube.ide.mcu.externaltools.gnu-tools-for-stm32.7-2018-q2-update.linux64_1.5.0.202011040924/tools/bin/../lib/gcc/arm-none-eabi/7.3.1/thumb/v7e-m/fpv4-sp/hard/libgcc.a(_dvmd_tls.o)
                0x0000000008000f54                __aeabi_ldiv0
                0x0000000008000f54                __aeabi_idiv0
 *(.text*)
 .text.lis331dlh_read_reg
                0x0000000008000f58       0x30 Core/Src/lis331dlh_reg.o
                0x0000000008000f58                lis331dlh_read_reg
 .text.lis331dlh_write_reg
                0x0000000008000f88       0x30 Core/Src/lis331dlh_reg.o
                0x0000000008000f88                lis331dlh_write_reg
 .text.lis331dlh_data_rate_set
                0x0000000008000fb8       0x5e Core/Src/lis331dlh_reg.o
                0x0000000008000fb8                lis331dlh_data_rate_set
 .text.lis331dlh_full_scale_set
                0x0000000008001016       0x4c Core/Src/lis331dlh_reg.o
                0x0000000008001016                lis331dlh_full_scale_set
 .text.lis331dlh_block_data_update_set
                0x0000000008001062       0x4c Core/Src/lis331dlh_reg.o
                0x0000000008001062                lis331dlh_block_data_update_set
 .text.lis331dlh_status_reg_get
                0x00000000080010ae       0x22 Core/Src/lis331dlh_reg.o
                0x00000000080010ae                lis331dlh_status_reg_get
 .text.lis331dlh_acceleration_raw_get
                0x00000000080010d0       0x22 Core/Src/lis331dlh_reg.o
                0x00000000080010d0                lis331dlh_acceleration_raw_get
 .text.lis331dlh_device_id_get
                0x00000000080010f2       0x22 Core/Src/lis331dlh_reg.o
                0x00000000080010f2                lis331dlh_device_id_get
 .text.lis331dlh_hp_path_set
                0x0000000008001114       0x5e Core/Src/lis331dlh_reg.o
                0x0000000008001114                lis331dlh_hp_path_set
 *fill*         0x0000000008001172        0x2 
 .text.main     0x0000000008001174      0x43c Core/Src/main.o
                0x0000000008001174                main
 .text.SystemClock_Config
                0x00000000080015b0       0xd8 Core/Src/main.o
                0x00000000080015b0                SystemClock_Config
 .text.MX_CRC_Init
                0x0000000008001688       0x28 Core/Src/main.o
 .text.MX_I2C1_Init
                0x00000000080016b0       0x5c Core/Src/main.o
 .text.MX_USART1_UART_Init
                0x000000000800170c       0x54 Core/Src/main.o
 .text.MX_USART6_UART_Init
                0x0000000008001760       0x54 Core/Src/main.o
 .text.MX_GPIO_Init
                0x00000000080017b4      0x120 Core/Src/main.o
 .text.platform_write
                0x00000000080018d4       0x50 Core/Src/main.o
 .text.platform_read
                0x0000000008001924       0x4c Core/Src/main.o
 .text.tx_com   0x0000000008001970       0x28 Core/Src/main.o
 .text.platform_delay
                0x0000000008001998       0x16 Core/Src/main.o
 .text.platform_init
                0x00000000080019ae        0xe Core/Src/main.o
 .text.Error_Handler
                0x00000000080019bc        0xe Core/Src/main.o
                0x00000000080019bc                Error_Handler
 *fill*         0x00000000080019ca        0x2 
 .text.HAL_MspInit
                0x00000000080019cc       0x50 Core/Src/stm32f4xx_hal_msp.o
                0x00000000080019cc                HAL_MspInit
 .text.HAL_CRC_MspInit
                0x0000000008001a1c       0x44 Core/Src/stm32f4xx_hal_msp.o
                0x0000000008001a1c                HAL_CRC_MspInit
 .text.HAL_I2C_MspInit
                0x0000000008001a60       0x90 Core/Src/stm32f4xx_hal_msp.o
                0x0000000008001a60                HAL_I2C_MspInit
 .text.HAL_UART_MspInit
                0x0000000008001af0      0x184 Core/Src/stm32f4xx_hal_msp.o
                0x0000000008001af0                HAL_UART_MspInit
 .text.NMI_Handler
                0x0000000008001c74        0xe Core/Src/stm32f4xx_it.o
                0x0000000008001c74                NMI_Handler
 .text.HardFault_Handler
                0x0000000008001c82        0x6 Core/Src/stm32f4xx_it.o
                0x0000000008001c82                HardFault_Handler
 .text.MemManage_Handler
                0x0000000008001c88        0x6 Core/Src/stm32f4xx_it.o
                0x0000000008001c88                MemManage_Handler
 .text.BusFault_Handler
                0x0000000008001c8e        0x6 Core/Src/stm32f4xx_it.o
                0x0000000008001c8e                BusFault_Handler
 .text.UsageFault_Handler
                0x0000000008001c94        0x6 Core/Src/stm32f4xx_it.o
                0x0000000008001c94                UsageFault_Handler
 .text.SVC_Handler
                0x0000000008001c9a        0xe Core/Src/stm32f4xx_it.o
                0x0000000008001c9a                SVC_Handler
 .text.DebugMon_Handler
                0x0000000008001ca8        0xe Core/Src/stm32f4xx_it.o
                0x0000000008001ca8                DebugMon_Handler
 .text.PendSV_Handler
                0x0000000008001cb6        0xe Core/Src/stm32f4xx_it.o
                0x0000000008001cb6                PendSV_Handler
 .text.SysTick_Handler
                0x0000000008001cc4        0xc Core/Src/stm32f4xx_it.o
                0x0000000008001cc4                SysTick_Handler
 .text.USART1_IRQHandler
                0x0000000008001cd0       0x14 Core/Src/stm32f4xx_it.o
                0x0000000008001cd0                USART1_IRQHandler
 .text.USART2_IRQHandler
                0x0000000008001ce4       0x14 Core/Src/stm32f4xx_it.o
                0x0000000008001ce4                USART2_IRQHandler
 .text._read    0x0000000008001cf8       0x3a Core/Src/syscalls.o
                0x0000000008001cf8                _read
 .text._write   0x0000000008001d32       0x38 Core/Src/syscalls.o
                0x0000000008001d32                _write
 .text._close   0x0000000008001d6a       0x18 Core/Src/syscalls.o
                0x0000000008001d6a                _close
 .text._fstat   0x0000000008001d82       0x20 Core/Src/syscalls.o
                0x0000000008001d82                _fstat
 .text._isatty  0x0000000008001da2       0x16 Core/Src/syscalls.o
                0x0000000008001da2                _isatty
 .text._lseek   0x0000000008001db8       0x1a Core/Src/syscalls.o
                0x0000000008001db8                _lseek
 *fill*         0x0000000008001dd2        0x2 
 .text._sbrk    0x0000000008001dd4       0x6c Core/Src/sysmem.o
                0x0000000008001dd4                _sbrk
 .text.SystemInit
                0x0000000008001e40       0x2c Core/Src/system_stm32f4xx.o
                0x0000000008001e40                SystemInit
 .text.Reset_Handler
                0x0000000008001e6c       0x50 Core/Startup/startup_stm32f401retx.o
                0x0000000008001e6c                Reset_Handler
 .text.Default_Handler
                0x0000000008001ebc        0x2 Core/Startup/startup_stm32f401retx.o
                0x0000000008001ebc                RTC_Alarm_IRQHandler
                0x0000000008001ebc                EXTI2_IRQHandler
                0x0000000008001ebc                SPI4_IRQHandler
                0x0000000008001ebc                TIM1_CC_IRQHandler
                0x0000000008001ebc                DMA2_Stream5_IRQHandler
                0x0000000008001ebc                DMA1_Stream5_IRQHandler
                0x0000000008001ebc                PVD_IRQHandler
                0x0000000008001ebc                SDIO_IRQHandler
                0x0000000008001ebc                TAMP_STAMP_IRQHandler
                0x0000000008001ebc                EXTI3_IRQHandler
                0x0000000008001ebc                TIM1_UP_TIM10_IRQHandler
                0x0000000008001ebc                I2C3_ER_IRQHandler
                0x0000000008001ebc                EXTI0_IRQHandler
                0x0000000008001ebc                I2C2_EV_IRQHandler
                0x0000000008001ebc                DMA1_Stream2_IRQHandler
                0x0000000008001ebc                FPU_IRQHandler
                0x0000000008001ebc                DMA2_Stream2_IRQHandler
                0x0000000008001ebc                SPI1_IRQHandler
                0x0000000008001ebc                TIM1_BRK_TIM9_IRQHandler
                0x0000000008001ebc                DMA2_Stream3_IRQHandler
                0x0000000008001ebc                USART6_IRQHandler
                0x0000000008001ebc                DMA2_Stream0_IRQHandler
                0x0000000008001ebc                TIM4_IRQHandler
                0x0000000008001ebc                I2C1_EV_IRQHandler
                0x0000000008001ebc                DMA1_Stream6_IRQHandler
                0x0000000008001ebc                DMA1_Stream1_IRQHandler
                0x0000000008001ebc                TIM3_IRQHandler
                0x0000000008001ebc                RCC_IRQHandler
                0x0000000008001ebc                Default_Handler
                0x0000000008001ebc                EXTI15_10_IRQHandler
                0x0000000008001ebc                ADC_IRQHandler
                0x0000000008001ebc                DMA1_Stream7_IRQHandler
                0x0000000008001ebc                TIM5_IRQHandler
                0x0000000008001ebc                DMA2_Stream7_IRQHandler
                0x0000000008001ebc                I2C3_EV_IRQHandler
                0x0000000008001ebc                EXTI9_5_IRQHandler
                0x0000000008001ebc                RTC_WKUP_IRQHandler
                0x0000000008001ebc                SPI2_IRQHandler
                0x0000000008001ebc                DMA1_Stream0_IRQHandler
                0x0000000008001ebc                EXTI4_IRQHandler
                0x0000000008001ebc                WWDG_IRQHandler
                0x0000000008001ebc                TIM2_IRQHandler
                0x0000000008001ebc                OTG_FS_WKUP_IRQHandler
                0x0000000008001ebc                TIM1_TRG_COM_TIM11_IRQHandler
                0x0000000008001ebc                EXTI1_IRQHandler
                0x0000000008001ebc                I2C2_ER_IRQHandler
                0x0000000008001ebc                DMA2_Stream1_IRQHandler
                0x0000000008001ebc                FLASH_IRQHandler
                0x0000000008001ebc                DMA2_Stream4_IRQHandler
                0x0000000008001ebc                OTG_FS_IRQHandler
                0x0000000008001ebc                SPI3_IRQHandler
                0x0000000008001ebc                DMA1_Stream4_IRQHandler
                0x0000000008001ebc                I2C1_ER_IRQHandler
                0x0000000008001ebc                DMA2_Stream6_IRQHandler
                0x0000000008001ebc                DMA1_Stream3_IRQHandler
 *fill*         0x0000000008001ebe        0x2 
 .text.HAL_Init
                0x0000000008001ec0       0x44 Drivers/STM32F4xx_HAL_Driver/Src/stm32f4xx_hal.o
                0x0000000008001ec0                HAL_Init
 .text.HAL_InitTick
                0x0000000008001f04       0x60 Drivers/STM32F4xx_HAL_Driver/Src/stm32f4xx_hal.o
                0x0000000008001f04                HAL_InitTick
 .text.HAL_IncTick
                0x0000000008001f64       0x28 Drivers/STM32F4xx_HAL_Driver/Src/stm32f4xx_hal.o
                0x0000000008001f64                HAL_IncTick
 .text.HAL_GetTick
                0x0000000008001f8c       0x18 Drivers/STM32F4xx_HAL_Driver/Src/stm32f4xx_hal.o
                0x0000000008001f8c                HAL_GetTick
 .text.HAL_Delay
                0x0000000008001fa4       0x44 Drivers/STM32F4xx_HAL_Driver/Src/stm32f4xx_hal.o
                0x0000000008001fa4                HAL_Delay
 .text.__NVIC_SetPriorityGrouping
                0x0000000008001fe8       0x48 Drivers/STM32F4xx_HAL_Driver/Src/stm32f4xx_hal_cortex.o
 .text.__NVIC_GetPriorityGrouping
                0x0000000008002030       0x1c Drivers/STM32F4xx_HAL_Driver/Src/stm32f4xx_hal_cortex.o
 .text.__NVIC_EnableIRQ
                0x000000000800204c       0x3c Drivers/STM32F4xx_HAL_Driver/Src/stm32f4xx_hal_cortex.o
 .text.__NVIC_SetPriority
                0x0000000008002088       0x54 Drivers/STM32F4xx_HAL_Driver/Src/stm32f4xx_hal_cortex.o
 .text.NVIC_EncodePriority
                0x00000000080020dc       0x66 Drivers/STM32F4xx_HAL_Driver/Src/stm32f4xx_hal_cortex.o
 *fill*         0x0000000008002142        0x2 
 .text.SysTick_Config
                0x0000000008002144       0x44 Drivers/STM32F4xx_HAL_Driver/Src/stm32f4xx_hal_cortex.o
 .text.HAL_NVIC_SetPriorityGrouping
                0x0000000008002188       0x16 Drivers/STM32F4xx_HAL_Driver/Src/stm32f4xx_hal_cortex.o
                0x0000000008002188                HAL_NVIC_SetPriorityGrouping
 .text.HAL_NVIC_SetPriority
                0x000000000800219e       0x38 Drivers/STM32F4xx_HAL_Driver/Src/stm32f4xx_hal_cortex.o
                0x000000000800219e                HAL_NVIC_SetPriority
 .text.HAL_NVIC_EnableIRQ
                0x00000000080021d6       0x1c Drivers/STM32F4xx_HAL_Driver/Src/stm32f4xx_hal_cortex.o
                0x00000000080021d6                HAL_NVIC_EnableIRQ
 .text.HAL_SYSTICK_Config
                0x00000000080021f2       0x18 Drivers/STM32F4xx_HAL_Driver/Src/stm32f4xx_hal_cortex.o
                0x00000000080021f2                HAL_SYSTICK_Config
 .text.HAL_CRC_Init
                0x000000000800220a       0x38 Drivers/STM32F4xx_HAL_Driver/Src/stm32f4xx_hal_crc.o
                0x000000000800220a                HAL_CRC_Init
 .text.HAL_DMA_Abort_IT
                0x0000000008002242       0x44 Drivers/STM32F4xx_HAL_Driver/Src/stm32f4xx_hal_dma.o
                0x0000000008002242                HAL_DMA_Abort_IT
 *fill*         0x0000000008002286        0x2 
 .text.HAL_GPIO_Init
                0x0000000008002288      0x304 Drivers/STM32F4xx_HAL_Driver/Src/stm32f4xx_hal_gpio.o
                0x0000000008002288                HAL_GPIO_Init
 .text.HAL_GPIO_WritePin
                0x000000000800258c       0x32 Drivers/STM32F4xx_HAL_Driver/Src/stm32f4xx_hal_gpio.o
                0x000000000800258c                HAL_GPIO_WritePin
 *fill*         0x00000000080025be        0x2 
 .text.HAL_I2C_Init
                0x00000000080025c0      0x270 Drivers/STM32F4xx_HAL_Driver/Src/stm32f4xx_hal_i2c.o
                0x00000000080025c0                HAL_I2C_Init
 .text.HAL_I2C_Mem_Write
                0x0000000008002830      0x1f4 Drivers/STM32F4xx_HAL_Driver/Src/stm32f4xx_hal_i2c.o
                0x0000000008002830                HAL_I2C_Mem_Write
 .text.HAL_I2C_Mem_Read
                0x0000000008002a24      0x44c Drivers/STM32F4xx_HAL_Driver/Src/stm32f4xx_hal_i2c.o
                0x0000000008002a24                HAL_I2C_Mem_Read
 .text.I2C_RequestMemoryWrite
                0x0000000008002e70      0x12c Drivers/STM32F4xx_HAL_Driver/Src/stm32f4xx_hal_i2c.o
 .text.I2C_RequestMemoryRead
                0x0000000008002f9c      0x1d0 Drivers/STM32F4xx_HAL_Driver/Src/stm32f4xx_hal_i2c.o
 .text.I2C_WaitOnFlagUntilTimeout
                0x000000000800316c       0xae Drivers/STM32F4xx_HAL_Driver/Src/stm32f4xx_hal_i2c.o
 .text.I2C_WaitOnMasterAddressFlagUntilTimeout
                0x000000000800321a       0xfe Drivers/STM32F4xx_HAL_Driver/Src/stm32f4xx_hal_i2c.o
 .text.I2C_WaitOnTXEFlagUntilTimeout
                0x0000000008003318       0x82 Drivers/STM32F4xx_HAL_Driver/Src/stm32f4xx_hal_i2c.o
 .text.I2C_WaitOnBTFFlagUntilTimeout
                0x000000000800339a       0x82 Drivers/STM32F4xx_HAL_Driver/Src/stm32f4xx_hal_i2c.o
 .text.I2C_WaitOnRXNEFlagUntilTimeout
                0x000000000800341c       0xac Drivers/STM32F4xx_HAL_Driver/Src/stm32f4xx_hal_i2c.o
 .text.I2C_IsAcknowledgeFailed
                0x00000000080034c8       0x5e Drivers/STM32F4xx_HAL_Driver/Src/stm32f4xx_hal_i2c.o
 *fill*         0x0000000008003526        0x2 
 .text.HAL_RCC_OscConfig
                0x0000000008003528      0x4e0 Drivers/STM32F4xx_HAL_Driver/Src/stm32f4xx_hal_rcc.o
                0x0000000008003528                HAL_RCC_OscConfig
 .text.HAL_RCC_ClockConfig
                0x0000000008003a08      0x1cc Drivers/STM32F4xx_HAL_Driver/Src/stm32f4xx_hal_rcc.o
                0x0000000008003a08                HAL_RCC_ClockConfig
 .text.HAL_RCC_GetSysClockFreq
                0x0000000008003bd4      0x1b0 Drivers/STM32F4xx_HAL_Driver/Src/stm32f4xx_hal_rcc.o
                0x0000000008003bd4                HAL_RCC_GetSysClockFreq
 .text.HAL_RCC_GetHCLKFreq
                0x0000000008003d84       0x18 Drivers/STM32F4xx_HAL_Driver/Src/stm32f4xx_hal_rcc.o
                0x0000000008003d84                HAL_RCC_GetHCLKFreq
 .text.HAL_RCC_GetPCLK1Freq
                0x0000000008003d9c       0x28 Drivers/STM32F4xx_HAL_Driver/Src/stm32f4xx_hal_rcc.o
                0x0000000008003d9c                HAL_RCC_GetPCLK1Freq
 .text.HAL_RCC_GetPCLK2Freq
                0x0000000008003dc4       0x28 Drivers/STM32F4xx_HAL_Driver/Src/stm32f4xx_hal_rcc.o
                0x0000000008003dc4                HAL_RCC_GetPCLK2Freq
 .text.HAL_UART_Init
                0x0000000008003dec       0x9a Drivers/STM32F4xx_HAL_Driver/Src/stm32f4xx_hal_uart.o
                0x0000000008003dec                HAL_UART_Init
 .text.HAL_UART_Transmit
                0x0000000008003e86      0x132 Drivers/STM32F4xx_HAL_Driver/Src/stm32f4xx_hal_uart.o
                0x0000000008003e86                HAL_UART_Transmit
 .text.HAL_UART_Transmit_IT
                0x0000000008003fb8       0x8a Drivers/STM32F4xx_HAL_Driver/Src/stm32f4xx_hal_uart.o
                0x0000000008003fb8                HAL_UART_Transmit_IT
 *fill*         0x0000000008004042        0x2 
 .text.HAL_UART_IRQHandler
                0x0000000008004044      0x200 Drivers/STM32F4xx_HAL_Driver/Src/stm32f4xx_hal_uart.o
                0x0000000008004044                HAL_UART_IRQHandler
 .text.HAL_UART_TxCpltCallback
                0x0000000008004244       0x14 Drivers/STM32F4xx_HAL_Driver/Src/stm32f4xx_hal_uart.o
                0x0000000008004244                HAL_UART_TxCpltCallback
 .text.HAL_UART_RxCpltCallback
                0x0000000008004258       0x14 Drivers/STM32F4xx_HAL_Driver/Src/stm32f4xx_hal_uart.o
                0x0000000008004258                HAL_UART_RxCpltCallback
 .text.HAL_UART_ErrorCallback
                0x000000000800426c       0x14 Drivers/STM32F4xx_HAL_Driver/Src/stm32f4xx_hal_uart.o
                0x000000000800426c                HAL_UART_ErrorCallback
 .text.UART_WaitOnFlagUntilTimeout
                0x0000000008004280       0x94 Drivers/STM32F4xx_HAL_Driver/Src/stm32f4xx_hal_uart.o
 .text.UART_EndRxTransfer
                0x0000000008004314       0x3c Drivers/STM32F4xx_HAL_Driver/Src/stm32f4xx_hal_uart.o
 .text.UART_DMAAbortOnError
                0x0000000008004350       0x28 Drivers/STM32F4xx_HAL_Driver/Src/stm32f4xx_hal_uart.o
 .text.UART_Transmit_IT
                0x0000000008004378       0xac Drivers/STM32F4xx_HAL_Driver/Src/stm32f4xx_hal_uart.o
 .text.UART_EndTransmit_IT
                0x0000000008004424       0x30 Drivers/STM32F4xx_HAL_Driver/Src/stm32f4xx_hal_uart.o
 .text.UART_Receive_IT
                0x0000000008004454      0x102 Drivers/STM32F4xx_HAL_Driver/Src/stm32f4xx_hal_uart.o
 *fill*         0x0000000008004556        0x2 
 .text.UART_SetConfig
                0x0000000008004558      0x6f8 Drivers/STM32F4xx_HAL_Driver/Src/stm32f4xx_hal_uart.o
 .text.aiInit   0x0000000008004c50       0xdc X-CUBE-AI/App/app_x-cube-ai.o
                0x0000000008004c50                aiInit
 .text.aiRun    0x0000000008004d2c       0xa0 X-CUBE-AI/App/app_x-cube-ai.o
                0x0000000008004d2c                aiRun
 .text.network_configure_activations
                0x0000000008004dcc       0xcc X-CUBE-AI/App/network.o
 .text.network_configure_weights
                0x0000000008004e98      0x160 X-CUBE-AI/App/network.o
 .text.ai_network_get_error
                0x0000000008004ff8       0x18 X-CUBE-AI/App/network.o
                0x0000000008004ff8                ai_network_get_error
 .text.ai_network_create
                0x0000000008005010       0x2c X-CUBE-AI/App/network.o
                0x0000000008005010                ai_network_create
 .text.ai_network_init
                0x000000000800503c       0x7e X-CUBE-AI/App/network.o
                0x000000000800503c                ai_network_init
 .text.ai_network_run
                0x00000000080050ba       0x20 X-CUBE-AI/App/network.o
                0x00000000080050ba                ai_network_run
 *fill*         0x00000000080050da        0x2 
 .text.ai_network_data_weights_get
                0x00000000080050dc       0x14 X-CUBE-AI/App/network_data.o
                0x00000000080050dc                ai_network_data_weights_get
 .text.unlikely._platform_network_state_setup.isra.1
                0x00000000080050f0       0x3e ../Middlewares/ST/AI/Lib/NetworkRuntime520_CM4_GCC.a(ai_platform_interface.o)
 *fill*         0x000000000800512e        0x2 
 .text.ai_platform_network_get_error
                0x0000000008005130       0x64 ../Middlewares/ST/AI/Lib/NetworkRuntime520_CM4_GCC.a(ai_platform_interface.o)
                0x0000000008005130                ai_platform_network_get_error
 .text.ai_platform_network_create
                0x0000000008005194       0xb0 ../Middlewares/ST/AI/Lib/NetworkRuntime520_CM4_GCC.a(ai_platform_interface.o)
                0x0000000008005194                ai_platform_network_create
 .text.ai_platform_network_init
                0x0000000008005244       0xfc ../Middlewares/ST/AI/Lib/NetworkRuntime520_CM4_GCC.a(ai_platform_interface.o)
                0x0000000008005244                ai_platform_network_init
 .text.ai_platform_network_post_init
                0x0000000008005340       0x90 ../Middlewares/ST/AI/Lib/NetworkRuntime520_CM4_GCC.a(ai_platform_interface.o)
                0x0000000008005340                ai_platform_network_post_init
 .text.ai_platform_network_process
                0x00000000080053d0      0x414 ../Middlewares/ST/AI/Lib/NetworkRuntime520_CM4_GCC.a(ai_platform_interface.o)
                0x00000000080053d0                ai_platform_network_process
 .text.core_init
                0x00000000080057e4        0x4 ../Middlewares/ST/AI/Lib/NetworkRuntime520_CM4_GCC.a(core_common.o)
                0x00000000080057e4                core_init
 .text.core_get_error
                0x00000000080057e8        0xc ../Middlewares/ST/AI/Lib/NetworkRuntime520_CM4_GCC.a(core_common.o)
                0x00000000080057e8                core_get_error
 .text.core_set_error
                0x00000000080057f4       0x18 ../Middlewares/ST/AI/Lib/NetworkRuntime520_CM4_GCC.a(core_common.o)
                0x00000000080057f4                core_set_error
 .text.func_dummy
                0x000000000800580c        0x4 ../Middlewares/ST/AI/Lib/NetworkRuntime520_CM4_GCC.a(layers_conv2d_generic_float.o)
 .text.ai_dict8_dot_array_f32
                0x0000000008005810      0x19c ../Middlewares/ST/AI/Lib/NetworkRuntime520_CM4_GCC.a(layers_conv2d_generic_float.o)
                0x0000000008005810                ai_dict8_dot_array_f32
 .text.ai_dict4_dot_array_f32
                0x00000000080059ac      0x17c ../Middlewares/ST/AI/Lib/NetworkRuntime520_CM4_GCC.a(layers_conv2d_generic_float.o)
                0x00000000080059ac                ai_dict4_dot_array_f32
 .text.ai_dict_decompress_f32
                0x0000000008005b28       0xa0 ../Middlewares/ST/AI/Lib/NetworkRuntime520_CM4_GCC.a(layers_conv2d_generic_float.o)
                0x0000000008005b28                ai_dict_decompress_f32
 .text.forward_conv2d_nl_pool
                0x0000000008005bc8     0x1234 ../Middlewares/ST/AI/Lib/NetworkRuntime520_CM4_GCC.a(layers_conv2d_generic_float.o)
                0x0000000008005bc8                forward_conv2d_nl_pool
 .text.forward_dense
                0x0000000008006dfc      0x450 ../Middlewares/ST/AI/Lib/NetworkRuntime520_CM4_GCC.a(layers_conv2d_generic_float.o)
                0x0000000008006dfc                forward_dense
 .text.nl_func_relu_array_f32
                0x000000000800724c       0x4c ../Middlewares/ST/AI/Lib/NetworkRuntime520_CM4_GCC.a(layers_nl_generic_float.o)
                0x000000000800724c                nl_func_relu_array_f32
 .text.nl_func_relu_generic_array_f32
                0x0000000008007298       0xf8 ../Middlewares/ST/AI/Lib/NetworkRuntime520_CM4_GCC.a(layers_nl_generic_float.o)
                0x0000000008007298                nl_func_relu_generic_array_f32
 .text.forward_relu
                0x0000000008007390      0x120 ../Middlewares/ST/AI/Lib/NetworkRuntime520_CM4_GCC.a(layers_nl_generic_float.o)
                0x0000000008007390                forward_relu
 .text.forward_sm
                0x00000000080074b0      0x12c ../Middlewares/ST/AI/Lib/NetworkRuntime520_CM4_GCC.a(layers_nl_generic_float.o)
                0x00000000080074b0                forward_sm
 .text.pool_func_mp_array_f32
                0x00000000080075dc      0x2b8 ../Middlewares/ST/AI/Lib/NetworkRuntime520_CM4_GCC.a(layers_pool_generic_float.o)
                0x00000000080075dc                pool_func_mp_array_f32
 .text.ai_check_custom_types
                0x0000000008007894       0x54 ../Middlewares/ST/AI/Lib/NetworkRuntime520_CM4_GCC.a(layers.o)
                0x0000000008007894                ai_check_custom_types
 .text.ai_layers_forward_all
                0x00000000080078e8       0x74 ../Middlewares/ST/AI/Lib/NetworkRuntime520_CM4_GCC.a(layers.o)
                0x00000000080078e8                ai_layers_forward_all
 .text.ai_array_to_buffer_fmt
                0x000000000800795c       0x98 ../Middlewares/ST/AI/Lib/NetworkRuntime520_CM4_GCC.a(ai_datatypes_format.o)
                0x000000000800795c                ai_array_to_buffer_fmt
 .text.ai_array_get_byte_size
                0x00000000080079f4       0x44 ../Middlewares/ST/AI/Lib/NetworkRuntime520_CM4_GCC.a(ai_datatypes_format.o)
                0x00000000080079f4                ai_array_get_byte_size
 .text.expf     0x0000000008007a38       0xf4 /media/getz1165/LinuxExtended/st/ide/plugins/com.st.stm32cube.ide.mcu.externaltools.gnu-tools-for-stm32.7-2018-q2-update.linux64_1.5.0.202011040924/tools/bin/../lib/gcc/arm-none-eabi/7.3.1/../../../../arm-none-eabi/lib/thumb/v7e-m/fpv4-sp/hard/libm.a(lib_a-wf_exp.o)
                0x0000000008007a38                expf
 .text.__ieee754_expf
                0x0000000008007b2c      0x1a8 /media/getz1165/LinuxExtended/st/ide/plugins/com.st.stm32cube.ide.mcu.externaltools.gnu-tools-for-stm32.7-2018-q2-update.linux64_1.5.0.202011040924/tools/bin/../lib/gcc/arm-none-eabi/7.3.1/../../../../arm-none-eabi/lib/thumb/v7e-m/fpv4-sp/hard/libm.a(lib_a-ef_exp.o)
                0x0000000008007b2c                __ieee754_expf
 .text.matherr  0x0000000008007cd4        0x4 /media/getz1165/LinuxExtended/st/ide/plugins/com.st.stm32cube.ide.mcu.externaltools.gnu-tools-for-stm32.7-2018-q2-update.linux64_1.5.0.202011040924/tools/bin/../lib/gcc/arm-none-eabi/7.3.1/../../../../arm-none-eabi/lib/thumb/v7e-m/fpv4-sp/hard/libm.a(lib_a-s_matherr.o)
                0x0000000008007cd4                matherr
 .text.finitef  0x0000000008007cd8       0x14 /media/getz1165/LinuxExtended/st/ide/plugins/com.st.stm32cube.ide.mcu.externaltools.gnu-tools-for-stm32.7-2018-q2-update.linux64_1.5.0.202011040924/tools/bin/../lib/gcc/arm-none-eabi/7.3.1/../../../../arm-none-eabi/lib/thumb/v7e-m/fpv4-sp/hard/libm.a(lib_a-sf_finite.o)
                0x0000000008007cd8                finitef
 .text.__errno  0x0000000008007cec        0xc /media/getz1165/LinuxExtended/st/ide/plugins/com.st.stm32cube.ide.mcu.externaltools.gnu-tools-for-stm32.7-2018-q2-update.linux64_1.5.0.202011040924/tools/bin/../lib/gcc/arm-none-eabi/7.3.1/../../../../arm-none-eabi/lib/thumb/v7e-m/fpv4-sp/hard/libc_nano.a(lib_a-errno.o)
                0x0000000008007cec                __errno
 .text.__libc_init_array
                0x0000000008007cf8       0x48 /media/getz1165/LinuxExtended/st/ide/plugins/com.st.stm32cube.ide.mcu.externaltools.gnu-tools-for-stm32.7-2018-q2-update.linux64_1.5.0.202011040924/tools/bin/../lib/gcc/arm-none-eabi/7.3.1/../../../../arm-none-eabi/lib/thumb/v7e-m/fpv4-sp/hard/libc_nano.a(lib_a-init.o)
                0x0000000008007cf8                __libc_init_array
 .text.malloc   0x0000000008007d40       0x10 /media/getz1165/LinuxExtended/st/ide/plugins/com.st.stm32cube.ide.mcu.externaltools.gnu-tools-for-stm32.7-2018-q2-update.linux64_1.5.0.202011040924/tools/bin/../lib/gcc/arm-none-eabi/7.3.1/../../../../arm-none-eabi/lib/thumb/v7e-m/fpv4-sp/hard/libc_nano.a(lib_a-malloc.o)
                0x0000000008007d40                malloc
 .text.memcpy   0x0000000008007d50       0x16 /media/getz1165/LinuxExtended/st/ide/plugins/com.st.stm32cube.ide.mcu.externaltools.gnu-tools-for-stm32.7-2018-q2-update.linux64_1.5.0.202011040924/tools/bin/../lib/gcc/arm-none-eabi/7.3.1/../../../../arm-none-eabi/lib/thumb/v7e-m/fpv4-sp/hard/libc_nano.a(lib_a-memcpy-stub.o)
                0x0000000008007d50                memcpy
 .text.memset   0x0000000008007d66       0x10 /media/getz1165/LinuxExtended/st/ide/plugins/com.st.stm32cube.ide.mcu.externaltools.gnu-tools-for-stm32.7-2018-q2-update.linux64_1.5.0.202011040924/tools/bin/../lib/gcc/arm-none-eabi/7.3.1/../../../../arm-none-eabi/lib/thumb/v7e-m/fpv4-sp/hard/libc_nano.a(lib_a-memset.o)
                0x0000000008007d66                memset
 *fill*         0x0000000008007d76        0x2 
 .text._free_r  0x0000000008007d78       0x9c /media/getz1165/LinuxExtended/st/ide/plugins/com.st.stm32cube.ide.mcu.externaltools.gnu-tools-for-stm32.7-2018-q2-update.linux64_1.5.0.202011040924/tools/bin/../lib/gcc/arm-none-eabi/7.3.1/../../../../arm-none-eabi/lib/thumb/v7e-m/fpv4-sp/hard/libc_nano.a(lib_a-nano-freer.o)
                0x0000000008007d78                _free_r
 .text._malloc_r
                0x0000000008007e14       0xb4 /media/getz1165/LinuxExtended/st/ide/plugins/com.st.stm32cube.ide.mcu.externaltools.gnu-tools-for-stm32.7-2018-q2-update.linux64_1.5.0.202011040924/tools/bin/../lib/gcc/arm-none-eabi/7.3.1/../../../../arm-none-eabi/lib/thumb/v7e-m/fpv4-sp/hard/libc_nano.a(lib_a-nano-mallocr.o)
                0x0000000008007e14                _malloc_r
 .text.__cvt    0x0000000008007ec8       0xc2 /media/getz1165/LinuxExtended/st/ide/plugins/com.st.stm32cube.ide.mcu.externaltools.gnu-tools-for-stm32.7-2018-q2-update.linux64_1.5.0.202011040924/tools/bin/../lib/gcc/arm-none-eabi/7.3.1/../../../../arm-none-eabi/lib/thumb/v7e-m/fpv4-sp/hard/libc_nano.a(lib_a-nano-vfprintf_float.o)
                0x0000000008007ec8                __cvt
 .text.__exponent
                0x0000000008007f8a       0x66 /media/getz1165/LinuxExtended/st/ide/plugins/com.st.stm32cube.ide.mcu.externaltools.gnu-tools-for-stm32.7-2018-q2-update.linux64_1.5.0.202011040924/tools/bin/../lib/gcc/arm-none-eabi/7.3.1/../../../../arm-none-eabi/lib/thumb/v7e-m/fpv4-sp/hard/libc_nano.a(lib_a-nano-vfprintf_float.o)
                0x0000000008007f8a                __exponent
 .text._printf_float
                0x0000000008007ff0      0x480 /media/getz1165/LinuxExtended/st/ide/plugins/com.st.stm32cube.ide.mcu.externaltools.gnu-tools-for-stm32.7-2018-q2-update.linux64_1.5.0.202011040924/tools/bin/../lib/gcc/arm-none-eabi/7.3.1/../../../../arm-none-eabi/lib/thumb/v7e-m/fpv4-sp/hard/libc_nano.a(lib_a-nano-vfprintf_float.o)
                0x0000000008007ff0                _printf_float
 .text._printf_common
                0x0000000008008470       0xea /media/getz1165/LinuxExtended/st/ide/plugins/com.st.stm32cube.ide.mcu.externaltools.gnu-tools-for-stm32.7-2018-q2-update.linux64_1.5.0.202011040924/tools/bin/../lib/gcc/arm-none-eabi/7.3.1/../../../../arm-none-eabi/lib/thumb/v7e-m/fpv4-sp/hard/libc_nano.a(lib_a-nano-vfprintf_i.o)
                0x0000000008008470                _printf_common
 *fill*         0x000000000800855a        0x2 
 .text._printf_i
                0x000000000800855c      0x224 /media/getz1165/LinuxExtended/st/ide/plugins/com.st.stm32cube.ide.mcu.externaltools.gnu-tools-for-stm32.7-2018-q2-update.linux64_1.5.0.202011040924/tools/bin/../lib/gcc/arm-none-eabi/7.3.1/../../../../arm-none-eabi/lib/thumb/v7e-m/fpv4-sp/hard/libc_nano.a(lib_a-nano-vfprintf_i.o)
                0x000000000800855c                _printf_i
 .text.printf   0x0000000008008780       0x30 /media/getz1165/LinuxExtended/st/ide/plugins/com.st.stm32cube.ide.mcu.externaltools.gnu-tools-for-stm32.7-2018-q2-update.linux64_1.5.0.202011040924/tools/bin/../lib/gcc/arm-none-eabi/7.3.1/../../../../arm-none-eabi/lib/thumb/v7e-m/fpv4-sp/hard/libc_nano.a(lib_a-printf.o)
                0x0000000008008780                printf
                0x0000000008008780                iprintf
 .text._sbrk_r  0x00000000080087b0       0x20 /media/getz1165/LinuxExtended/st/ide/plugins/com.st.stm32cube.ide.mcu.externaltools.gnu-tools-for-stm32.7-2018-q2-update.linux64_1.5.0.202011040924/tools/bin/../lib/gcc/arm-none-eabi/7.3.1/../../../../arm-none-eabi/lib/thumb/v7e-m/fpv4-sp/hard/libc_nano.a(lib_a-sbrkr.o)
                0x00000000080087b0                _sbrk_r
 .text.sprintf  0x00000000080087d0       0x40 /media/getz1165/LinuxExtended/st/ide/plugins/com.st.stm32cube.ide.mcu.externaltools.gnu-tools-for-stm32.7-2018-q2-update.linux64_1.5.0.202011040924/tools/bin/../lib/gcc/arm-none-eabi/7.3.1/../../../../arm-none-eabi/lib/thumb/v7e-m/fpv4-sp/hard/libc_nano.a(lib_a-sprintf.o)
                0x00000000080087d0                sprintf
                0x00000000080087d0                siprintf
 .text.quorem   0x0000000008008810      0x118 /media/getz1165/LinuxExtended/st/ide/plugins/com.st.stm32cube.ide.mcu.externaltools.gnu-tools-for-stm32.7-2018-q2-update.linux64_1.5.0.202011040924/tools/bin/../lib/gcc/arm-none-eabi/7.3.1/../../../../arm-none-eabi/lib/thumb/v7e-m/fpv4-sp/hard/libc_nano.a(lib_a-dtoa.o)
 .text._dtoa_r  0x0000000008008928      0xb70 /media/getz1165/LinuxExtended/st/ide/plugins/com.st.stm32cube.ide.mcu.externaltools.gnu-tools-for-stm32.7-2018-q2-update.linux64_1.5.0.202011040924/tools/bin/../lib/gcc/arm-none-eabi/7.3.1/../../../../arm-none-eabi/lib/thumb/v7e-m/fpv4-sp/hard/libc_nano.a(lib_a-dtoa.o)
                0x0000000008008928                _dtoa_r
 .text.std      0x0000000008009498       0x48 /media/getz1165/LinuxExtended/st/ide/plugins/com.st.stm32cube.ide.mcu.externaltools.gnu-tools-for-stm32.7-2018-q2-update.linux64_1.5.0.202011040924/tools/bin/../lib/gcc/arm-none-eabi/7.3.1/../../../../arm-none-eabi/lib/thumb/v7e-m/fpv4-sp/hard/libc_nano.a(lib_a-findfp.o)
 .text._cleanup_r
                0x00000000080094e0        0xc /media/getz1165/LinuxExtended/st/ide/plugins/com.st.stm32cube.ide.mcu.externaltools.gnu-tools-for-stm32.7-2018-q2-update.linux64_1.5.0.202011040924/tools/bin/../lib/gcc/arm-none-eabi/7.3.1/../../../../arm-none-eabi/lib/thumb/v7e-m/fpv4-sp/hard/libc_nano.a(lib_a-findfp.o)
                0x00000000080094e0                _cleanup_r
 .text.__sfmoreglue
                0x00000000080094ec       0x2c /media/getz1165/LinuxExtended/st/ide/plugins/com.st.stm32cube.ide.mcu.externaltools.gnu-tools-for-stm32.7-2018-q2-update.linux64_1.5.0.202011040924/tools/bin/../lib/gcc/arm-none-eabi/7.3.1/../../../../arm-none-eabi/lib/thumb/v7e-m/fpv4-sp/hard/libc_nano.a(lib_a-findfp.o)
                0x00000000080094ec                __sfmoreglue
 .text.__sinit  0x0000000008009518       0x60 /media/getz1165/LinuxExtended/st/ide/plugins/com.st.stm32cube.ide.mcu.externaltools.gnu-tools-for-stm32.7-2018-q2-update.linux64_1.5.0.202011040924/tools/bin/../lib/gcc/arm-none-eabi/7.3.1/../../../../arm-none-eabi/lib/thumb/v7e-m/fpv4-sp/hard/libc_nano.a(lib_a-findfp.o)
                0x0000000008009518                __sinit
 .text.__sfp    0x0000000008009578       0x78 /media/getz1165/LinuxExtended/st/ide/plugins/com.st.stm32cube.ide.mcu.externaltools.gnu-tools-for-stm32.7-2018-q2-update.linux64_1.5.0.202011040924/tools/bin/../lib/gcc/arm-none-eabi/7.3.1/../../../../arm-none-eabi/lib/thumb/v7e-m/fpv4-sp/hard/libc_nano.a(lib_a-findfp.o)
                0x0000000008009578                __sfp
 .text._fwalk_reent
                0x00000000080095f0       0x3c /media/getz1165/LinuxExtended/st/ide/plugins/com.st.stm32cube.ide.mcu.externaltools.gnu-tools-for-stm32.7-2018-q2-update.linux64_1.5.0.202011040924/tools/bin/../lib/gcc/arm-none-eabi/7.3.1/../../../../arm-none-eabi/lib/thumb/v7e-m/fpv4-sp/hard/libc_nano.a(lib_a-fwalk.o)
                0x00000000080095f0                _fwalk_reent
 .text._localeconv_r
                0x000000000800962c       0x1c /media/getz1165/LinuxExtended/st/ide/plugins/com.st.stm32cube.ide.mcu.externaltools.gnu-tools-for-stm32.7-2018-q2-update.linux64_1.5.0.202011040924/tools/bin/../lib/gcc/arm-none-eabi/7.3.1/../../../../arm-none-eabi/lib/thumb/v7e-m/fpv4-sp/hard/libc_nano.a(lib_a-localeconv.o)
                0x000000000800962c                _localeconv_r
 .text.__malloc_lock
                0x0000000008009648        0x2 /media/getz1165/LinuxExtended/st/ide/plugins/com.st.stm32cube.ide.mcu.externaltools.gnu-tools-for-stm32.7-2018-q2-update.linux64_1.5.0.202011040924/tools/bin/../lib/gcc/arm-none-eabi/7.3.1/../../../../arm-none-eabi/lib/thumb/v7e-m/fpv4-sp/hard/libc_nano.a(lib_a-mlock.o)
                0x0000000008009648                __malloc_lock
 .text.__malloc_unlock
                0x000000000800964a        0x2 /media/getz1165/LinuxExtended/st/ide/plugins/com.st.stm32cube.ide.mcu.externaltools.gnu-tools-for-stm32.7-2018-q2-update.linux64_1.5.0.202011040924/tools/bin/../lib/gcc/arm-none-eabi/7.3.1/../../../../arm-none-eabi/lib/thumb/v7e-m/fpv4-sp/hard/libc_nano.a(lib_a-mlock.o)
                0x000000000800964a                __malloc_unlock
 .text._Balloc  0x000000000800964c       0x68 /media/getz1165/LinuxExtended/st/ide/plugins/com.st.stm32cube.ide.mcu.externaltools.gnu-tools-for-stm32.7-2018-q2-update.linux64_1.5.0.202011040924/tools/bin/../lib/gcc/arm-none-eabi/7.3.1/../../../../arm-none-eabi/lib/thumb/v7e-m/fpv4-sp/hard/libc_nano.a(lib_a-mprec.o)
                0x000000000800964c                _Balloc
 .text._Bfree   0x00000000080096b4       0x2e /media/getz1165/LinuxExtended/st/ide/plugins/com.st.stm32cube.ide.mcu.externaltools.gnu-tools-for-stm32.7-2018-q2-update.linux64_1.5.0.202011040924/tools/bin/../lib/gcc/arm-none-eabi/7.3.1/../../../../arm-none-eabi/lib/thumb/v7e-m/fpv4-sp/hard/libc_nano.a(lib_a-mprec.o)
                0x00000000080096b4                _Bfree
 .text.__multadd
                0x00000000080096e2       0x76 /media/getz1165/LinuxExtended/st/ide/plugins/com.st.stm32cube.ide.mcu.externaltools.gnu-tools-for-stm32.7-2018-q2-update.linux64_1.5.0.202011040924/tools/bin/../lib/gcc/arm-none-eabi/7.3.1/../../../../arm-none-eabi/lib/thumb/v7e-m/fpv4-sp/hard/libc_nano.a(lib_a-mprec.o)
                0x00000000080096e2                __multadd
 .text.__hi0bits
                0x0000000008009758       0x3e /media/getz1165/LinuxExtended/st/ide/plugins/com.st.stm32cube.ide.mcu.externaltools.gnu-tools-for-stm32.7-2018-q2-update.linux64_1.5.0.202011040924/tools/bin/../lib/gcc/arm-none-eabi/7.3.1/../../../../arm-none-eabi/lib/thumb/v7e-m/fpv4-sp/hard/libc_nano.a(lib_a-mprec.o)
                0x0000000008009758                __hi0bits
 .text.__lo0bits
                0x0000000008009796       0x5e /media/getz1165/LinuxExtended/st/ide/plugins/com.st.stm32cube.ide.mcu.externaltools.gnu-tools-for-stm32.7-2018-q2-update.linux64_1.5.0.202011040924/tools/bin/../lib/gcc/arm-none-eabi/7.3.1/../../../../arm-none-eabi/lib/thumb/v7e-m/fpv4-sp/hard/libc_nano.a(lib_a-mprec.o)
                0x0000000008009796                __lo0bits
 .text.__i2b    0x00000000080097f4       0x12 /media/getz1165/LinuxExtended/st/ide/plugins/com.st.stm32cube.ide.mcu.externaltools.gnu-tools-for-stm32.7-2018-q2-update.linux64_1.5.0.202011040924/tools/bin/../lib/gcc/arm-none-eabi/7.3.1/../../../../arm-none-eabi/lib/thumb/v7e-m/fpv4-sp/hard/libc_nano.a(lib_a-mprec.o)
                0x00000000080097f4                __i2b
 .text.__multiply
                0x0000000008009806      0x12c /media/getz1165/LinuxExtended/st/ide/plugins/com.st.stm32cube.ide.mcu.externaltools.gnu-tools-for-stm32.7-2018-q2-update.linux64_1.5.0.202011040924/tools/bin/../lib/gcc/arm-none-eabi/7.3.1/../../../../arm-none-eabi/lib/thumb/v7e-m/fpv4-sp/hard/libc_nano.a(lib_a-mprec.o)
                0x0000000008009806                __multiply
 *fill*         0x0000000008009932        0x2 
 .text.__pow5mult
                0x0000000008009934       0x9c /media/getz1165/LinuxExtended/st/ide/plugins/com.st.stm32cube.ide.mcu.externaltools.gnu-tools-for-stm32.7-2018-q2-update.linux64_1.5.0.202011040924/tools/bin/../lib/gcc/arm-none-eabi/7.3.1/../../../../arm-none-eabi/lib/thumb/v7e-m/fpv4-sp/hard/libc_nano.a(lib_a-mprec.o)
                0x0000000008009934                __pow5mult
 .text.__lshift
                0x00000000080099d0       0xa8 /media/getz1165/LinuxExtended/st/ide/plugins/com.st.stm32cube.ide.mcu.externaltools.gnu-tools-for-stm32.7-2018-q2-update.linux64_1.5.0.202011040924/tools/bin/../lib/gcc/arm-none-eabi/7.3.1/../../../../arm-none-eabi/lib/thumb/v7e-m/fpv4-sp/hard/libc_nano.a(lib_a-mprec.o)
                0x00000000080099d0                __lshift
 .text.__mcmp   0x0000000008009a78       0x34 /media/getz1165/LinuxExtended/st/ide/plugins/com.st.stm32cube.ide.mcu.externaltools.gnu-tools-for-stm32.7-2018-q2-update.linux64_1.5.0.202011040924/tools/bin/../lib/gcc/arm-none-eabi/7.3.1/../../../../arm-none-eabi/lib/thumb/v7e-m/fpv4-sp/hard/libc_nano.a(lib_a-mprec.o)
                0x0000000008009a78                __mcmp
 .text.__mdiff  0x0000000008009aac       0xba /media/getz1165/LinuxExtended/st/ide/plugins/com.st.stm32cube.ide.mcu.externaltools.gnu-tools-for-stm32.7-2018-q2-update.linux64_1.5.0.202011040924/tools/bin/../lib/gcc/arm-none-eabi/7.3.1/../../../../arm-none-eabi/lib/thumb/v7e-m/fpv4-sp/hard/libc_nano.a(lib_a-mprec.o)
                0x0000000008009aac                __mdiff
 .text.__d2b    0x0000000008009b66       0x9e /media/getz1165/LinuxExtended/st/ide/plugins/com.st.stm32cube.ide.mcu.externaltools.gnu-tools-for-stm32.7-2018-q2-update.linux64_1.5.0.202011040924/tools/bin/../lib/gcc/arm-none-eabi/7.3.1/../../../../arm-none-eabi/lib/thumb/v7e-m/fpv4-sp/hard/libc_nano.a(lib_a-mprec.o)
                0x0000000008009b66                __d2b
 .text._calloc_r
                0x0000000008009c04       0x1c /media/getz1165/LinuxExtended/st/ide/plugins/com.st.stm32cube.ide.mcu.externaltools.gnu-tools-for-stm32.7-2018-q2-update.linux64_1.5.0.202011040924/tools/bin/../lib/gcc/arm-none-eabi/7.3.1/../../../../arm-none-eabi/lib/thumb/v7e-m/fpv4-sp/hard/libc_nano.a(lib_a-nano-callocr.o)
                0x0000000008009c04                _calloc_r
 .text._realloc_r
                0x0000000008009c20       0x4c /media/getz1165/LinuxExtended/st/ide/plugins/com.st.stm32cube.ide.mcu.externaltools.gnu-tools-for-stm32.7-2018-q2-update.linux64_1.5.0.202011040924/tools/bin/../lib/gcc/arm-none-eabi/7.3.1/../../../../arm-none-eabi/lib/thumb/v7e-m/fpv4-sp/hard/libc_nano.a(lib_a-nano-reallocr.o)
                0x0000000008009c20                _realloc_r
 .text.__ssputs_r
                0x0000000008009c6c       0xb4 /media/getz1165/LinuxExtended/st/ide/plugins/com.st.stm32cube.ide.mcu.externaltools.gnu-tools-for-stm32.7-2018-q2-update.linux64_1.5.0.202011040924/tools/bin/../lib/gcc/arm-none-eabi/7.3.1/../../../../arm-none-eabi/lib/thumb/v7e-m/fpv4-sp/hard/libc_nano.a(lib_a-nano-svfprintf.o)
                0x0000000008009c6c                __ssputs_r
 .text._svfprintf_r
                0x0000000008009d20      0x1f0 /media/getz1165/LinuxExtended/st/ide/plugins/com.st.stm32cube.ide.mcu.externaltools.gnu-tools-for-stm32.7-2018-q2-update.linux64_1.5.0.202011040924/tools/bin/../lib/gcc/arm-none-eabi/7.3.1/../../../../arm-none-eabi/lib/thumb/v7e-m/fpv4-sp/hard/libc_nano.a(lib_a-nano-svfprintf.o)
                0x0000000008009d20                _svfprintf_r
                0x0000000008009d20                _svfiprintf_r
 .text.__sfputc_r
                0x0000000008009f10       0x2e /media/getz1165/LinuxExtended/st/ide/plugins/com.st.stm32cube.ide.mcu.externaltools.gnu-tools-for-stm32.7-2018-q2-update.linux64_1.5.0.202011040924/tools/bin/../lib/gcc/arm-none-eabi/7.3.1/../../../../arm-none-eabi/lib/thumb/v7e-m/fpv4-sp/hard/libc_nano.a(lib_a-nano-vfprintf.o)
 .text.__sfputs_r
                0x0000000008009f3e       0x24 /media/getz1165/LinuxExtended/st/ide/plugins/com.st.stm32cube.ide.mcu.externaltools.gnu-tools-for-stm32.7-2018-q2-update.linux64_1.5.0.202011040924/tools/bin/../lib/gcc/arm-none-eabi/7.3.1/../../../../arm-none-eabi/lib/thumb/v7e-m/fpv4-sp/hard/libc_nano.a(lib_a-nano-vfprintf.o)
                0x0000000008009f3e                __sfputs_r
 *fill*         0x0000000008009f62        0x2 
 .text._vfprintf_r
                0x0000000008009f64      0x22c /media/getz1165/LinuxExtended/st/ide/plugins/com.st.stm32cube.ide.mcu.externaltools.gnu-tools-for-stm32.7-2018-q2-update.linux64_1.5.0.202011040924/tools/bin/../lib/gcc/arm-none-eabi/7.3.1/../../../../arm-none-eabi/lib/thumb/v7e-m/fpv4-sp/hard/libc_nano.a(lib_a-nano-vfprintf.o)
                0x0000000008009f64                _vfiprintf_r
                0x0000000008009f64                _vfprintf_r
 .text.__sread  0x000000000800a190       0x22 /media/getz1165/LinuxExtended/st/ide/plugins/com.st.stm32cube.ide.mcu.externaltools.gnu-tools-for-stm32.7-2018-q2-update.linux64_1.5.0.202011040924/tools/bin/../lib/gcc/arm-none-eabi/7.3.1/../../../../arm-none-eabi/lib/thumb/v7e-m/fpv4-sp/hard/libc_nano.a(lib_a-stdio.o)
                0x000000000800a190                __sread
 .text.__swrite
                0x000000000800a1b2       0x38 /media/getz1165/LinuxExtended/st/ide/plugins/com.st.stm32cube.ide.mcu.externaltools.gnu-tools-for-stm32.7-2018-q2-update.linux64_1.5.0.202011040924/tools/bin/../lib/gcc/arm-none-eabi/7.3.1/../../../../arm-none-eabi/lib/thumb/v7e-m/fpv4-sp/hard/libc_nano.a(lib_a-stdio.o)
                0x000000000800a1b2                __swrite
 .text.__sseek  0x000000000800a1ea       0x24 /media/getz1165/LinuxExtended/st/ide/plugins/com.st.stm32cube.ide.mcu.externaltools.gnu-tools-for-stm32.7-2018-q2-update.linux64_1.5.0.202011040924/tools/bin/../lib/gcc/arm-none-eabi/7.3.1/../../../../arm-none-eabi/lib/thumb/v7e-m/fpv4-sp/hard/libc_nano.a(lib_a-stdio.o)
                0x000000000800a1ea                __sseek
 .text.__sclose
                0x000000000800a20e        0x8 /media/getz1165/LinuxExtended/st/ide/plugins/com.st.stm32cube.ide.mcu.externaltools.gnu-tools-for-stm32.7-2018-q2-update.linux64_1.5.0.202011040924/tools/bin/../lib/gcc/arm-none-eabi/7.3.1/../../../../arm-none-eabi/lib/thumb/v7e-m/fpv4-sp/hard/libc_nano.a(lib_a-stdio.o)
                0x000000000800a20e                __sclose
 *fill*         0x000000000800a216        0x2 
 .text.__swbuf_r
                0x000000000800a218       0xa4 /media/getz1165/LinuxExtended/st/ide/plugins/com.st.stm32cube.ide.mcu.externaltools.gnu-tools-for-stm32.7-2018-q2-update.linux64_1.5.0.202011040924/tools/bin/../lib/gcc/arm-none-eabi/7.3.1/../../../../arm-none-eabi/lib/thumb/v7e-m/fpv4-sp/hard/libc_nano.a(lib_a-wbuf.o)
                0x000000000800a218                __swbuf_r
 .text._write_r
                0x000000000800a2bc       0x24 /media/getz1165/LinuxExtended/st/ide/plugins/com.st.stm32cube.ide.mcu.externaltools.gnu-tools-for-stm32.7-2018-q2-update.linux64_1.5.0.202011040924/tools/bin/../lib/gcc/arm-none-eabi/7.3.1/../../../../arm-none-eabi/lib/thumb/v7e-m/fpv4-sp/hard/libc_nano.a(lib_a-writer.o)
                0x000000000800a2bc                _write_r
 .text.__swsetup_r
                0x000000000800a2e0       0xdc /media/getz1165/LinuxExtended/st/ide/plugins/com.st.stm32cube.ide.mcu.externaltools.gnu-tools-for-stm32.7-2018-q2-update.linux64_1.5.0.202011040924/tools/bin/../lib/gcc/arm-none-eabi/7.3.1/../../../../arm-none-eabi/lib/thumb/v7e-m/fpv4-sp/hard/libc_nano.a(lib_a-wsetup.o)
                0x000000000800a2e0                __swsetup_r
 .text._close_r
                0x000000000800a3bc       0x20 /media/getz1165/LinuxExtended/st/ide/plugins/com.st.stm32cube.ide.mcu.externaltools.gnu-tools-for-stm32.7-2018-q2-update.linux64_1.5.0.202011040924/tools/bin/../lib/gcc/arm-none-eabi/7.3.1/../../../../arm-none-eabi/lib/thumb/v7e-m/fpv4-sp/hard/libc_nano.a(lib_a-closer.o)
                0x000000000800a3bc                _close_r
 .text.__sflush_r
                0x000000000800a3dc      0x10c /media/getz1165/LinuxExtended/st/ide/plugins/com.st.stm32cube.ide.mcu.externaltools.gnu-tools-for-stm32.7-2018-q2-update.linux64_1.5.0.202011040924/tools/bin/../lib/gcc/arm-none-eabi/7.3.1/../../../../arm-none-eabi/lib/thumb/v7e-m/fpv4-sp/hard/libc_nano.a(lib_a-fflush.o)
                0x000000000800a3dc                __sflush_r
 .text._fflush_r
                0x000000000800a4e8       0x54 /media/getz1165/LinuxExtended/st/ide/plugins/com.st.stm32cube.ide.mcu.externaltools.gnu-tools-for-stm32.7-2018-q2-update.linux64_1.5.0.202011040924/tools/bin/../lib/gcc/arm-none-eabi/7.3.1/../../../../arm-none-eabi/lib/thumb/v7e-m/fpv4-sp/hard/libc_nano.a(lib_a-fflush.o)
                0x000000000800a4e8                _fflush_r
 .text._lseek_r
                0x000000000800a53c       0x24 /media/getz1165/LinuxExtended/st/ide/plugins/com.st.stm32cube.ide.mcu.externaltools.gnu-tools-for-stm32.7-2018-q2-update.linux64_1.5.0.202011040924/tools/bin/../lib/gcc/arm-none-eabi/7.3.1/../../../../arm-none-eabi/lib/thumb/v7e-m/fpv4-sp/hard/libc_nano.a(lib_a-lseekr.o)
                0x000000000800a53c                _lseek_r
 .text.__swhatbuf_r
                0x000000000800a560       0x48 /media/getz1165/LinuxExtended/st/ide/plugins/com.st.stm32cube.ide.mcu.externaltools.gnu-tools-for-stm32.7-2018-q2-update.linux64_1.5.0.202011040924/tools/bin/../lib/gcc/arm-none-eabi/7.3.1/../../../../arm-none-eabi/lib/thumb/v7e-m/fpv4-sp/hard/libc_nano.a(lib_a-makebuf.o)
                0x000000000800a560                __swhatbuf_r
 .text.__smakebuf_r
                0x000000000800a5a8       0x80 /media/getz1165/LinuxExtended/st/ide/plugins/com.st.stm32cube.ide.mcu.externaltools.gnu-tools-for-stm32.7-2018-q2-update.linux64_1.5.0.202011040924/tools/bin/../lib/gcc/arm-none-eabi/7.3.1/../../../../arm-none-eabi/lib/thumb/v7e-m/fpv4-sp/hard/libc_nano.a(lib_a-makebuf.o)
                0x000000000800a5a8                __smakebuf_r
 .text.__ascii_mbtowc
                0x000000000800a628       0x24 /media/getz1165/LinuxExtended/st/ide/plugins/com.st.stm32cube.ide.mcu.externaltools.gnu-tools-for-stm32.7-2018-q2-update.linux64_1.5.0.202011040924/tools/bin/../lib/gcc/arm-none-eabi/7.3.1/../../../../arm-none-eabi/lib/thumb/v7e-m/fpv4-sp/hard/libc_nano.a(lib_a-mbtowc_r.o)
                0x000000000800a628                __ascii_mbtowc
 .text.memmove  0x000000000800a64c       0x32 /media/getz1165/LinuxExtended/st/ide/plugins/com.st.stm32cube.ide.mcu.externaltools.gnu-tools-for-stm32.7-2018-q2-update.linux64_1.5.0.202011040924/tools/bin/../lib/gcc/arm-none-eabi/7.3.1/../../../../arm-none-eabi/lib/thumb/v7e-m/fpv4-sp/hard/libc_nano.a(lib_a-memmove.o)
                0x000000000800a64c                memmove
 .text._malloc_usable_size_r
                0x000000000800a67e       0x10 /media/getz1165/LinuxExtended/st/ide/plugins/com.st.stm32cube.ide.mcu.externaltools.gnu-tools-for-stm32.7-2018-q2-update.linux64_1.5.0.202011040924/tools/bin/../lib/gcc/arm-none-eabi/7.3.1/../../../../arm-none-eabi/lib/thumb/v7e-m/fpv4-sp/hard/libc_nano.a(lib_a-nano-msizer.o)
                0x000000000800a67e                _malloc_usable_size_r
 *fill*         0x000000000800a68e        0x2 
 .text._read_r  0x000000000800a690       0x24 /media/getz1165/LinuxExtended/st/ide/plugins/com.st.stm32cube.ide.mcu.externaltools.gnu-tools-for-stm32.7-2018-q2-update.linux64_1.5.0.202011040924/tools/bin/../lib/gcc/arm-none-eabi/7.3.1/../../../../arm-none-eabi/lib/thumb/v7e-m/fpv4-sp/hard/libc_nano.a(lib_a-readr.o)
                0x000000000800a690                _read_r
 .text.__ascii_wctomb
                0x000000000800a6b4       0x1a /media/getz1165/LinuxExtended/st/ide/plugins/com.st.stm32cube.ide.mcu.externaltools.gnu-tools-for-stm32.7-2018-q2-update.linux64_1.5.0.202011040924/tools/bin/../lib/gcc/arm-none-eabi/7.3.1/../../../../arm-none-eabi/lib/thumb/v7e-m/fpv4-sp/hard/libc_nano.a(lib_a-wctomb_r.o)
                0x000000000800a6b4                __ascii_wctomb
 *fill*         0x000000000800a6ce        0x2 
 .text._fstat_r
                0x000000000800a6d0       0x24 /media/getz1165/LinuxExtended/st/ide/plugins/com.st.stm32cube.ide.mcu.externaltools.gnu-tools-for-stm32.7-2018-q2-update.linux64_1.5.0.202011040924/tools/bin/../lib/gcc/arm-none-eabi/7.3.1/../../../../arm-none-eabi/lib/thumb/v7e-m/fpv4-sp/hard/libc_nano.a(lib_a-fstatr.o)
                0x000000000800a6d0                _fstat_r
 .text._isatty_r
                0x000000000800a6f4       0x20 /media/getz1165/LinuxExtended/st/ide/plugins/com.st.stm32cube.ide.mcu.externaltools.gnu-tools-for-stm32.7-2018-q2-update.linux64_1.5.0.202011040924/tools/bin/../lib/gcc/arm-none-eabi/7.3.1/../../../../arm-none-eabi/lib/thumb/v7e-m/fpv4-sp/hard/libc_nano.a(lib_a-isattyr.o)
                0x000000000800a6f4                _isatty_r
 *(.glue_7)
 .glue_7        0x000000000800a714        0x0 linker stubs
 *(.glue_7t)
 .glue_7t       0x000000000800a714        0x0 linker stubs
 *(.eh_frame)
 .eh_frame      0x000000000800a714        0x0 /media/getz1165/LinuxExtended/st/ide/plugins/com.st.stm32cube.ide.mcu.externaltools.gnu-tools-for-stm32.7-2018-q2-update.linux64_1.5.0.202011040924/tools/bin/../lib/gcc/arm-none-eabi/7.3.1/thumb/v7e-m/fpv4-sp/hard/crtbegin.o
 *(.init)
 .init          0x000000000800a714        0x4 /media/getz1165/LinuxExtended/st/ide/plugins/com.st.stm32cube.ide.mcu.externaltools.gnu-tools-for-stm32.7-2018-q2-update.linux64_1.5.0.202011040924/tools/bin/../lib/gcc/arm-none-eabi/7.3.1/thumb/v7e-m/fpv4-sp/hard/crti.o
                0x000000000800a714                _init
 .init          0x000000000800a718        0x8 /media/getz1165/LinuxExtended/st/ide/plugins/com.st.stm32cube.ide.mcu.externaltools.gnu-tools-for-stm32.7-2018-q2-update.linux64_1.5.0.202011040924/tools/bin/../lib/gcc/arm-none-eabi/7.3.1/thumb/v7e-m/fpv4-sp/hard/crtn.o
 *(.fini)
 .fini          0x000000000800a720        0x4 /media/getz1165/LinuxExtended/st/ide/plugins/com.st.stm32cube.ide.mcu.externaltools.gnu-tools-for-stm32.7-2018-q2-update.linux64_1.5.0.202011040924/tools/bin/../lib/gcc/arm-none-eabi/7.3.1/thumb/v7e-m/fpv4-sp/hard/crti.o
                0x000000000800a720                _fini
 .fini          0x000000000800a724        0x8 /media/getz1165/LinuxExtended/st/ide/plugins/com.st.stm32cube.ide.mcu.externaltools.gnu-tools-for-stm32.7-2018-q2-update.linux64_1.5.0.202011040924/tools/bin/../lib/gcc/arm-none-eabi/7.3.1/thumb/v7e-m/fpv4-sp/hard/crtn.o
                0x000000000800a72c                . = ALIGN (0x4)
                0x000000000800a72c                _etext = .

.vfp11_veneer   0x000000000800a72c        0x0
 .vfp11_veneer  0x000000000800a72c        0x0 linker stubs

.v4_bx          0x000000000800a72c        0x0
 .v4_bx         0x000000000800a72c        0x0 linker stubs

.iplt           0x000000000800a72c        0x0
 .iplt          0x000000000800a72c        0x0 /media/getz1165/LinuxExtended/st/ide/plugins/com.st.stm32cube.ide.mcu.externaltools.gnu-tools-for-stm32.7-2018-q2-update.linux64_1.5.0.202011040924/tools/bin/../lib/gcc/arm-none-eabi/7.3.1/thumb/v7e-m/fpv4-sp/hard/crtbegin.o

.rodata         0x000000000800a730    0x5bf50
                0x000000000800a730                . = ALIGN (0x4)
 *(.rodata)
 .rodata        0x000000000800a730       0xc0 Core/Src/main.o
 .rodata        0x000000000800a7f0       0xc4 X-CUBE-AI/App/app_x-cube-ai.o
 .rodata        0x000000000800a8b4        0x4 ../Middlewares/ST/AI/Lib/NetworkRuntime520_CM4_GCC.a(layers.o)
 *(.rodata*)
 .rodata.AHBPrescTable
                0x000000000800a8b8       0x10 Core/Src/system_stm32f4xx.o
                0x000000000800a8b8                AHBPrescTable
 .rodata.APBPrescTable
                0x000000000800a8c8        0x8 Core/Src/system_stm32f4xx.o
                0x000000000800a8c8                APBPrescTable
 .rodata.conv2d_1_chain
                0x000000000800a8d0        0x8 X-CUBE-AI/App/network.o
 .rodata.dense_1_chain
                0x000000000800a8d8        0x8 X-CUBE-AI/App/network.o
 .rodata.dense_1_nl_chain
                0x000000000800a8e0        0x8 X-CUBE-AI/App/network.o
 .rodata.dense_2_chain
                0x000000000800a8e8        0x8 X-CUBE-AI/App/network.o
 .rodata.dense_2_nl_chain
                0x000000000800a8f0        0x8 X-CUBE-AI/App/network.o
 .rodata.dense_3_chain
                0x000000000800a8f8        0x8 X-CUBE-AI/App/network.o
 .rodata.dense_3_nl_chain
                0x000000000800a900        0x8 X-CUBE-AI/App/network.o
 .rodata.s_network_weights.5657
                0x000000000800a908    0x5ba98 X-CUBE-AI/App/network_data.o
 .rodata.expf.str1.1
                0x00000000080663a0        0x5 /media/getz1165/LinuxExtended/st/ide/plugins/com.st.stm32cube.ide.mcu.externaltools.gnu-tools-for-stm32.7-2018-q2-update.linux64_1.5.0.202011040924/tools/bin/../lib/gcc/arm-none-eabi/7.3.1/../../../../arm-none-eabi/lib/thumb/v7e-m/fpv4-sp/hard/libm.a(lib_a-wf_exp.o)
 *fill*         0x00000000080663a5        0x3 
 .rodata.halF   0x00000000080663a8        0x8 /media/getz1165/LinuxExtended/st/ide/plugins/com.st.stm32cube.ide.mcu.externaltools.gnu-tools-for-stm32.7-2018-q2-update.linux64_1.5.0.202011040924/tools/bin/../lib/gcc/arm-none-eabi/7.3.1/../../../../arm-none-eabi/lib/thumb/v7e-m/fpv4-sp/hard/libm.a(lib_a-ef_exp.o)
 .rodata.ln2HI  0x00000000080663b0        0x8 /media/getz1165/LinuxExtended/st/ide/plugins/com.st.stm32cube.ide.mcu.externaltools.gnu-tools-for-stm32.7-2018-q2-update.linux64_1.5.0.202011040924/tools/bin/../lib/gcc/arm-none-eabi/7.3.1/../../../../arm-none-eabi/lib/thumb/v7e-m/fpv4-sp/hard/libm.a(lib_a-ef_exp.o)
 .rodata.ln2LO  0x00000000080663b8        0x8 /media/getz1165/LinuxExtended/st/ide/plugins/com.st.stm32cube.ide.mcu.externaltools.gnu-tools-for-stm32.7-2018-q2-update.linux64_1.5.0.202011040924/tools/bin/../lib/gcc/arm-none-eabi/7.3.1/../../../../arm-none-eabi/lib/thumb/v7e-m/fpv4-sp/hard/libm.a(lib_a-ef_exp.o)
 .rodata._global_impure_ptr
                0x00000000080663c0        0x4 /media/getz1165/LinuxExtended/st/ide/plugins/com.st.stm32cube.ide.mcu.externaltools.gnu-tools-for-stm32.7-2018-q2-update.linux64_1.5.0.202011040924/tools/bin/../lib/gcc/arm-none-eabi/7.3.1/../../../../arm-none-eabi/lib/thumb/v7e-m/fpv4-sp/hard/libc_nano.a(lib_a-impure.o)
                0x00000000080663c0                _global_impure_ptr
 .rodata._printf_float.str1.1
                0x00000000080663c4       0x12 /media/getz1165/LinuxExtended/st/ide/plugins/com.st.stm32cube.ide.mcu.externaltools.gnu-tools-for-stm32.7-2018-q2-update.linux64_1.5.0.202011040924/tools/bin/../lib/gcc/arm-none-eabi/7.3.1/../../../../arm-none-eabi/lib/thumb/v7e-m/fpv4-sp/hard/libc_nano.a(lib_a-nano-vfprintf_float.o)
 .rodata._printf_i.str1.1
                0x00000000080663d6       0x22 /media/getz1165/LinuxExtended/st/ide/plugins/com.st.stm32cube.ide.mcu.externaltools.gnu-tools-for-stm32.7-2018-q2-update.linux64_1.5.0.202011040924/tools/bin/../lib/gcc/arm-none-eabi/7.3.1/../../../../arm-none-eabi/lib/thumb/v7e-m/fpv4-sp/hard/libc_nano.a(lib_a-nano-vfprintf_i.o)
 .rodata._dtoa_r.str1.1
                0x00000000080663f8        0xd /media/getz1165/LinuxExtended/st/ide/plugins/com.st.stm32cube.ide.mcu.externaltools.gnu-tools-for-stm32.7-2018-q2-update.linux64_1.5.0.202011040924/tools/bin/../lib/gcc/arm-none-eabi/7.3.1/../../../../arm-none-eabi/lib/thumb/v7e-m/fpv4-sp/hard/libc_nano.a(lib_a-dtoa.o)
                                          0xf (size before relaxing)
 *fill*         0x0000000008066405        0x3 
 .rodata.__sf_fake_stderr
                0x0000000008066408       0x20 /media/getz1165/LinuxExtended/st/ide/plugins/com.st.stm32cube.ide.mcu.externaltools.gnu-tools-for-stm32.7-2018-q2-update.linux64_1.5.0.202011040924/tools/bin/../lib/gcc/arm-none-eabi/7.3.1/../../../../arm-none-eabi/lib/thumb/v7e-m/fpv4-sp/hard/libc_nano.a(lib_a-findfp.o)
                0x0000000008066408                __sf_fake_stderr
 .rodata.__sf_fake_stdin
                0x0000000008066428       0x20 /media/getz1165/LinuxExtended/st/ide/plugins/com.st.stm32cube.ide.mcu.externaltools.gnu-tools-for-stm32.7-2018-q2-update.linux64_1.5.0.202011040924/tools/bin/../lib/gcc/arm-none-eabi/7.3.1/../../../../arm-none-eabi/lib/thumb/v7e-m/fpv4-sp/hard/libc_nano.a(lib_a-findfp.o)
                0x0000000008066428                __sf_fake_stdin
 .rodata.__sf_fake_stdout
                0x0000000008066448       0x20 /media/getz1165/LinuxExtended/st/ide/plugins/com.st.stm32cube.ide.mcu.externaltools.gnu-tools-for-stm32.7-2018-q2-update.linux64_1.5.0.202011040924/tools/bin/../lib/gcc/arm-none-eabi/7.3.1/../../../../arm-none-eabi/lib/thumb/v7e-m/fpv4-sp/hard/libc_nano.a(lib_a-findfp.o)
                0x0000000008066448                __sf_fake_stdout
 .rodata.__mprec_bigtens
                0x0000000008066468       0x28 /media/getz1165/LinuxExtended/st/ide/plugins/com.st.stm32cube.ide.mcu.externaltools.gnu-tools-for-stm32.7-2018-q2-update.linux64_1.5.0.202011040924/tools/bin/../lib/gcc/arm-none-eabi/7.3.1/../../../../arm-none-eabi/lib/thumb/v7e-m/fpv4-sp/hard/libc_nano.a(lib_a-mprec.o)
                0x0000000008066468                __mprec_bigtens
 .rodata.__mprec_tens
                0x0000000008066490       0xc8 /media/getz1165/LinuxExtended/st/ide/plugins/com.st.stm32cube.ide.mcu.externaltools.gnu-tools-for-stm32.7-2018-q2-update.linux64_1.5.0.202011040924/tools/bin/../lib/gcc/arm-none-eabi/7.3.1/../../../../arm-none-eabi/lib/thumb/v7e-m/fpv4-sp/hard/libc_nano.a(lib_a-mprec.o)
                0x0000000008066490                __mprec_tens
 .rodata.p05.7359
                0x0000000008066558        0xc /media/getz1165/LinuxExtended/st/ide/plugins/com.st.stm32cube.ide.mcu.externaltools.gnu-tools-for-stm32.7-2018-q2-update.linux64_1.5.0.202011040924/tools/bin/../lib/gcc/arm-none-eabi/7.3.1/../../../../arm-none-eabi/lib/thumb/v7e-m/fpv4-sp/hard/libc_nano.a(lib_a-mprec.o)
 .rodata._svfprintf_r.str1.1
                0x0000000008066564       0x11 /media/getz1165/LinuxExtended/st/ide/plugins/com.st.stm32cube.ide.mcu.externaltools.gnu-tools-for-stm32.7-2018-q2-update.linux64_1.5.0.202011040924/tools/bin/../lib/gcc/arm-none-eabi/7.3.1/../../../../arm-none-eabi/lib/thumb/v7e-m/fpv4-sp/hard/libc_nano.a(lib_a-nano-svfprintf.o)
 .rodata._vfprintf_r.str1.1
                0x0000000008066575       0x11 /media/getz1165/LinuxExtended/st/ide/plugins/com.st.stm32cube.ide.mcu.externaltools.gnu-tools-for-stm32.7-2018-q2-update.linux64_1.5.0.202011040924/tools/bin/../lib/gcc/arm-none-eabi/7.3.1/../../../../arm-none-eabi/lib/thumb/v7e-m/fpv4-sp/hard/libc_nano.a(lib_a-nano-vfprintf.o)
 .rodata._setlocale_r.str1.1
                0x0000000008066575        0x8 /media/getz1165/LinuxExtended/st/ide/plugins/com.st.stm32cube.ide.mcu.externaltools.gnu-tools-for-stm32.7-2018-q2-update.linux64_1.5.0.202011040924/tools/bin/../lib/gcc/arm-none-eabi/7.3.1/../../../../arm-none-eabi/lib/thumb/v7e-m/fpv4-sp/hard/libc_nano.a(lib_a-locale.o)
                                          0x9 (size before relaxing)
 .rodata.str1.1
                0x000000000806657d        0x2 /media/getz1165/LinuxExtended/st/ide/plugins/com.st.stm32cube.ide.mcu.externaltools.gnu-tools-for-stm32.7-2018-q2-update.linux64_1.5.0.202011040924/tools/bin/../lib/gcc/arm-none-eabi/7.3.1/../../../../arm-none-eabi/lib/thumb/v7e-m/fpv4-sp/hard/libc_nano.a(lib_a-locale.o)
 .rodata._ctype_
                0x000000000806657f      0x101 /media/getz1165/LinuxExtended/st/ide/plugins/com.st.stm32cube.ide.mcu.externaltools.gnu-tools-for-stm32.7-2018-q2-update.linux64_1.5.0.202011040924/tools/bin/../lib/gcc/arm-none-eabi/7.3.1/../../../../arm-none-eabi/lib/thumb/v7e-m/fpv4-sp/hard/libc_nano.a(lib_a-ctype_.o)
                0x000000000806657f                _ctype_
                0x0000000008066680                . = ALIGN (0x4)

.ARM.extab      0x0000000008066680        0x0
                0x0000000008066680                . = ALIGN (0x4)
 *(.ARM.extab* .gnu.linkonce.armextab.*)
                0x0000000008066680                . = ALIGN (0x4)

.ARM            0x0000000008066680        0x8
                0x0000000008066680                . = ALIGN (0x4)
                0x0000000008066680                __exidx_start = .
 *(.ARM.exidx*)
 .ARM.exidx     0x0000000008066680        0x8 /media/getz1165/LinuxExtended/st/ide/plugins/com.st.stm32cube.ide.mcu.externaltools.gnu-tools-for-stm32.7-2018-q2-update.linux64_1.5.0.202011040924/tools/bin/../lib/gcc/arm-none-eabi/7.3.1/thumb/v7e-m/fpv4-sp/hard/libgcc.a(_udivmoddi4.o)
                0x0000000008066688                __exidx_end = .
                0x0000000008066688                . = ALIGN (0x4)

.rel.dyn        0x0000000008066688        0x0
 .rel.iplt      0x0000000008066688        0x0 /media/getz1165/LinuxExtended/st/ide/plugins/com.st.stm32cube.ide.mcu.externaltools.gnu-tools-for-stm32.7-2018-q2-update.linux64_1.5.0.202011040924/tools/bin/../lib/gcc/arm-none-eabi/7.3.1/thumb/v7e-m/fpv4-sp/hard/crtbegin.o

.preinit_array  0x0000000008066688        0x0
                0x0000000008066688                . = ALIGN (0x4)
                0x0000000008066688                PROVIDE (__preinit_array_start = .)
 *(.preinit_array*)
                0x0000000008066688                PROVIDE (__preinit_array_end = .)
                0x0000000008066688                . = ALIGN (0x4)

.init_array     0x0000000008066688        0x4
                0x0000000008066688                . = ALIGN (0x4)
                0x0000000008066688                PROVIDE (__init_array_start = .)
 *(SORT_BY_NAME(.init_array.*))
 *(.init_array*)
 .init_array    0x0000000008066688        0x4 /media/getz1165/LinuxExtended/st/ide/plugins/com.st.stm32cube.ide.mcu.externaltools.gnu-tools-for-stm32.7-2018-q2-update.linux64_1.5.0.202011040924/tools/bin/../lib/gcc/arm-none-eabi/7.3.1/thumb/v7e-m/fpv4-sp/hard/crtbegin.o
                0x000000000806668c                PROVIDE (__init_array_end = .)
                0x000000000806668c                . = ALIGN (0x4)

.fini_array     0x000000000806668c        0x4
                0x000000000806668c                . = ALIGN (0x4)
                [!provide]                        PROVIDE (__fini_array_start = .)
 *(SORT_BY_NAME(.fini_array.*))
 *(.fini_array*)
 .fini_array    0x000000000806668c        0x4 /media/getz1165/LinuxExtended/st/ide/plugins/com.st.stm32cube.ide.mcu.externaltools.gnu-tools-for-stm32.7-2018-q2-update.linux64_1.5.0.202011040924/tools/bin/../lib/gcc/arm-none-eabi/7.3.1/thumb/v7e-m/fpv4-sp/hard/crtbegin.o
                [!provide]                        PROVIDE (__fini_array_end = .)
                0x0000000008066690                . = ALIGN (0x4)
                0x0000000008066690                _sidata = LOADADDR (.data)

.data           0x0000000020000000      0xa64 load address 0x0000000008066690
                0x0000000020000000                . = ALIGN (0x4)
                0x0000000020000000                _sdata = .
 *(.data)
 *(.data*)
 .data.SystemCoreClock
                0x0000000020000000        0x4 Core/Src/system_stm32f4xx.o
                0x0000000020000000                SystemCoreClock
 .data.uwTickPrio
                0x0000000020000004        0x4 Drivers/STM32F4xx_HAL_Driver/Src/stm32f4xx_hal.o
                0x0000000020000004                uwTickPrio
 .data.uwTickFreq
                0x0000000020000008        0x1 Drivers/STM32F4xx_HAL_Driver/Src/stm32f4xx_hal.o
                0x0000000020000008                uwTickFreq
 *fill*         0x0000000020000009        0x3 
 .data.g_network
                0x000000002000000c       0x60 X-CUBE-AI/App/network.o
 .data.conv2d_1_scratch0_array
                0x000000002000006c       0x10 X-CUBE-AI/App/network.o
 .data.dense_3_bias_array
                0x000000002000007c       0x10 X-CUBE-AI/App/network.o
 .data.dense_3_weights_array
                0x000000002000008c       0x10 X-CUBE-AI/App/network.o
 .data.dense_2_bias_array
                0x000000002000009c       0x10 X-CUBE-AI/App/network.o
 .data.dense_2_weights_array
                0x00000000200000ac       0x10 X-CUBE-AI/App/network.o
 .data.dense_1_bias_array
                0x00000000200000bc       0x10 X-CUBE-AI/App/network.o
 .data.dense_1_weights_array
                0x00000000200000cc       0x10 X-CUBE-AI/App/network.o
 .data.conv2d_1_bias_array
                0x00000000200000dc       0x10 X-CUBE-AI/App/network.o
 .data.conv2d_1_weights_array
                0x00000000200000ec       0x10 X-CUBE-AI/App/network.o
 .data.input_0_output_array
                0x00000000200000fc       0x10 X-CUBE-AI/App/network.o
 .data.conv2d_1_output_array
                0x000000002000010c       0x10 X-CUBE-AI/App/network.o
 .data.dense_1_output_array
                0x000000002000011c       0x10 X-CUBE-AI/App/network.o
 .data.dense_1_nl_output_array
                0x000000002000012c       0x10 X-CUBE-AI/App/network.o
 .data.dense_2_output_array
                0x000000002000013c       0x10 X-CUBE-AI/App/network.o
 .data.dense_2_nl_output_array
                0x000000002000014c       0x10 X-CUBE-AI/App/network.o
 .data.dense_3_output_array
                0x000000002000015c       0x10 X-CUBE-AI/App/network.o
 .data.dense_3_nl_output_array
                0x000000002000016c       0x10 X-CUBE-AI/App/network.o
 .data.conv2d_1_scratch0
                0x000000002000017c       0x1c X-CUBE-AI/App/network.o
 .data.dense_3_bias
                0x0000000020000198       0x1c X-CUBE-AI/App/network.o
 .data.dense_3_weights
                0x00000000200001b4       0x1c X-CUBE-AI/App/network.o
 .data.dense_2_bias
                0x00000000200001d0       0x1c X-CUBE-AI/App/network.o
 .data.dense_2_weights
                0x00000000200001ec       0x1c X-CUBE-AI/App/network.o
 .data.dense_1_bias
                0x0000000020000208       0x1c X-CUBE-AI/App/network.o
 .data.dense_1_weights
                0x0000000020000224       0x1c X-CUBE-AI/App/network.o
 .data.conv2d_1_bias
                0x0000000020000240       0x1c X-CUBE-AI/App/network.o
 .data.conv2d_1_weights
                0x000000002000025c       0x1c X-CUBE-AI/App/network.o
 .data.input_0_output
                0x0000000020000278       0x1c X-CUBE-AI/App/network.o
 .data.conv2d_1_output
                0x0000000020000294       0x1c X-CUBE-AI/App/network.o
 .data.conv2d_1_output0
                0x00000000200002b0       0x1c X-CUBE-AI/App/network.o
 .data.dense_1_output
                0x00000000200002cc       0x1c X-CUBE-AI/App/network.o
 .data.dense_1_nl_output
                0x00000000200002e8       0x1c X-CUBE-AI/App/network.o
 .data.dense_2_output
                0x0000000020000304       0x1c X-CUBE-AI/App/network.o
 .data.dense_2_nl_output
                0x0000000020000320       0x1c X-CUBE-AI/App/network.o
 .data.dense_3_output
                0x000000002000033c       0x1c X-CUBE-AI/App/network.o
 .data.dense_3_nl_output
                0x0000000020000358       0x1c X-CUBE-AI/App/network.o
 .data.conv2d_1_layer
                0x0000000020000374       0x58 X-CUBE-AI/App/network.o
 .data.dense_1_layer
                0x00000000200003cc       0x18 X-CUBE-AI/App/network.o
 .data.dense_1_nl_layer
                0x00000000200003e4       0x1c X-CUBE-AI/App/network.o
 .data.dense_2_layer
                0x0000000020000400       0x18 X-CUBE-AI/App/network.o
 .data.dense_2_nl_layer
                0x0000000020000418       0x1c X-CUBE-AI/App/network.o
 .data.dense_3_layer
                0x0000000020000434       0x18 X-CUBE-AI/App/network.o
 .data.dense_3_nl_layer
                0x000000002000044c       0x1c X-CUBE-AI/App/network.o
 .data.__compound_literal.0
                0x0000000020000468       0x10 X-CUBE-AI/App/network.o
 .data.__compound_literal.1
                0x0000000020000478       0x10 X-CUBE-AI/App/network.o
 .data.__compound_literal.2
                0x0000000020000488       0x10 X-CUBE-AI/App/network.o
 .data.__compound_literal.3
                0x0000000020000498       0x10 X-CUBE-AI/App/network.o
 .data.__compound_literal.4
                0x00000000200004a8       0x10 X-CUBE-AI/App/network.o
 .data.__compound_literal.5
                0x00000000200004b8       0x10 X-CUBE-AI/App/network.o
 .data.__compound_literal.6
                0x00000000200004c8       0x10 X-CUBE-AI/App/network.o
 .data.__compound_literal.7
                0x00000000200004d8       0x10 X-CUBE-AI/App/network.o
 .data.__compound_literal.8
                0x00000000200004e8       0x10 X-CUBE-AI/App/network.o
 .data.__compound_literal.9
                0x00000000200004f8       0x10 X-CUBE-AI/App/network.o
 .data.__compound_literal.10
                0x0000000020000508       0x10 X-CUBE-AI/App/network.o
 .data.__compound_literal.11
                0x0000000020000518       0x10 X-CUBE-AI/App/network.o
 .data.__compound_literal.12
                0x0000000020000528       0x10 X-CUBE-AI/App/network.o
 .data.__compound_literal.13
                0x0000000020000538       0x10 X-CUBE-AI/App/network.o
 .data.__compound_literal.14
                0x0000000020000548       0x10 X-CUBE-AI/App/network.o
 .data.__compound_literal.15
                0x0000000020000558       0x10 X-CUBE-AI/App/network.o
 .data.__compound_literal.16
                0x0000000020000568       0x10 X-CUBE-AI/App/network.o
 .data.__compound_literal.17
                0x0000000020000578       0x10 X-CUBE-AI/App/network.o
 .data.__compound_literal.18
                0x0000000020000588       0x10 X-CUBE-AI/App/network.o
 .data.__compound_literal.19
                0x0000000020000598       0x10 X-CUBE-AI/App/network.o
 .data.__compound_literal.20
                0x00000000200005a8       0x10 X-CUBE-AI/App/network.o
 .data.__compound_literal.21
                0x00000000200005b8       0x10 X-CUBE-AI/App/network.o
 .data.__compound_literal.22
                0x00000000200005c8       0x10 X-CUBE-AI/App/network.o
 .data.__compound_literal.23
                0x00000000200005d8       0x10 X-CUBE-AI/App/network.o
 .data.__compound_literal.24
                0x00000000200005e8       0x10 X-CUBE-AI/App/network.o
 .data.__compound_literal.25
                0x00000000200005f8       0x10 X-CUBE-AI/App/network.o
 .data.__compound_literal.26
                0x0000000020000608       0x10 X-CUBE-AI/App/network.o
 .data.__compound_literal.27
                0x0000000020000618       0x10 X-CUBE-AI/App/network.o
 .data.__compound_literal.28
                0x0000000020000628       0x10 X-CUBE-AI/App/network.o
 .data.__compound_literal.29
                0x0000000020000638       0x10 X-CUBE-AI/App/network.o
 .data.__compound_literal.30
                0x0000000020000648       0x10 X-CUBE-AI/App/network.o
 .data.__compound_literal.31
                0x0000000020000658       0x10 X-CUBE-AI/App/network.o
 .data.__compound_literal.32
                0x0000000020000668       0x10 X-CUBE-AI/App/network.o
 .data.__compound_literal.33
                0x0000000020000678       0x10 X-CUBE-AI/App/network.o
 .data.__compound_literal.34
                0x0000000020000688       0x10 X-CUBE-AI/App/network.o
 .data.__compound_literal.35
                0x0000000020000698       0x10 X-CUBE-AI/App/network.o
 .data.__compound_literal.36
                0x00000000200006a8        0x4 X-CUBE-AI/App/network.o
 .data.__compound_literal.37
                0x00000000200006ac        0x4 X-CUBE-AI/App/network.o
 .data.__compound_literal.38
                0x00000000200006b0        0xc X-CUBE-AI/App/network.o
 .data.__compound_literal.39
                0x00000000200006bc        0x4 X-CUBE-AI/App/network.o
 .data.__compound_literal.40
                0x00000000200006c0       0x30 X-CUBE-AI/App/network.o
 .data.__compound_literal.43
                0x00000000200006f0        0x4 X-CUBE-AI/App/network.o
 .data.__compound_literal.44
                0x00000000200006f4        0x4 X-CUBE-AI/App/network.o
 .data.__compound_literal.45
                0x00000000200006f8        0x8 X-CUBE-AI/App/network.o
 .data.__compound_literal.47
                0x0000000020000700       0x30 X-CUBE-AI/App/network.o
 .data.__compound_literal.48
                0x0000000020000730        0x4 X-CUBE-AI/App/network.o
 .data.__compound_literal.49
                0x0000000020000734        0x4 X-CUBE-AI/App/network.o
 .data.__compound_literal.52
                0x0000000020000738       0x30 X-CUBE-AI/App/network.o
 .data.__compound_literal.53
                0x0000000020000768        0x4 X-CUBE-AI/App/network.o
 .data.__compound_literal.54
                0x000000002000076c        0x4 X-CUBE-AI/App/network.o
 .data.__compound_literal.55
                0x0000000020000770        0x8 X-CUBE-AI/App/network.o
 .data.__compound_literal.57
                0x0000000020000778       0x30 X-CUBE-AI/App/network.o
 .data.__compound_literal.58
                0x00000000200007a8        0x4 X-CUBE-AI/App/network.o
 .data.__compound_literal.59
                0x00000000200007ac        0x4 X-CUBE-AI/App/network.o
 .data.__compound_literal.62
                0x00000000200007b0       0x30 X-CUBE-AI/App/network.o
 .data.__compound_literal.63
                0x00000000200007e0        0x4 X-CUBE-AI/App/network.o
 .data.__compound_literal.64
                0x00000000200007e4        0x4 X-CUBE-AI/App/network.o
 .data.__compound_literal.65
                0x00000000200007e8        0x8 X-CUBE-AI/App/network.o
 .data.__compound_literal.67
                0x00000000200007f0       0x30 X-CUBE-AI/App/network.o
 .data.__compound_literal.68
                0x0000000020000820        0x4 X-CUBE-AI/App/network.o
 .data.__compound_literal.69
                0x0000000020000824        0x4 X-CUBE-AI/App/network.o
 .data.__compound_literal.72
                0x0000000020000828       0x30 X-CUBE-AI/App/network.o
 .data.__compound_literal.73
                0x0000000020000858        0x4 X-CUBE-AI/App/network.o
 .data.__compound_literal.77
                0x000000002000085c        0xc X-CUBE-AI/App/network.o
 .data.__compound_literal.78
                0x0000000020000868        0x4 X-CUBE-AI/App/network.o
 .data.__compound_literal.82
                0x000000002000086c        0xc X-CUBE-AI/App/network.o
 .data.__compound_literal.83
                0x0000000020000878       0x18 X-CUBE-AI/App/network.o
 .data.__fdlib_version
                0x0000000020000890        0x1 /media/getz1165/LinuxExtended/st/ide/plugins/com.st.stm32cube.ide.mcu.externaltools.gnu-tools-for-stm32.7-2018-q2-update.linux64_1.5.0.202011040924/tools/bin/../lib/gcc/arm-none-eabi/7.3.1/../../../../arm-none-eabi/lib/thumb/v7e-m/fpv4-sp/hard/libm.a(lib_a-s_lib_ver.o)
                0x0000000020000890                __fdlib_version
 *fill*         0x0000000020000891        0x3 
 .data._impure_ptr
                0x0000000020000894        0x4 /media/getz1165/LinuxExtended/st/ide/plugins/com.st.stm32cube.ide.mcu.externaltools.gnu-tools-for-stm32.7-2018-q2-update.linux64_1.5.0.202011040924/tools/bin/../lib/gcc/arm-none-eabi/7.3.1/../../../../arm-none-eabi/lib/thumb/v7e-m/fpv4-sp/hard/libc_nano.a(lib_a-impure.o)
                0x0000000020000894                _impure_ptr
 .data.impure_data
                0x0000000020000898       0x60 /media/getz1165/LinuxExtended/st/ide/plugins/com.st.stm32cube.ide.mcu.externaltools.gnu-tools-for-stm32.7-2018-q2-update.linux64_1.5.0.202011040924/tools/bin/../lib/gcc/arm-none-eabi/7.3.1/../../../../arm-none-eabi/lib/thumb/v7e-m/fpv4-sp/hard/libc_nano.a(lib_a-impure.o)
 .data.__global_locale
                0x00000000200008f8      0x16c /media/getz1165/LinuxExtended/st/ide/plugins/com.st.stm32cube.ide.mcu.externaltools.gnu-tools-for-stm32.7-2018-q2-update.linux64_1.5.0.202011040924/tools/bin/../lib/gcc/arm-none-eabi/7.3.1/../../../../arm-none-eabi/lib/thumb/v7e-m/fpv4-sp/hard/libc_nano.a(lib_a-locale.o)
                0x00000000200008f8                __global_locale
                0x0000000020000a64                . = ALIGN (0x4)
                0x0000000020000a64                _edata = .

.igot.plt       0x0000000020000a64        0x0 load address 0x00000000080670f4
 .igot.plt      0x0000000020000a64        0x0 /media/getz1165/LinuxExtended/st/ide/plugins/com.st.stm32cube.ide.mcu.externaltools.gnu-tools-for-stm32.7-2018-q2-update.linux64_1.5.0.202011040924/tools/bin/../lib/gcc/arm-none-eabi/7.3.1/thumb/v7e-m/fpv4-sp/hard/crtbegin.o
                0x0000000020000a64                . = ALIGN (0x4)

.bss            0x0000000020000a64     0x65f4 load address 0x00000000080670f4
                0x0000000020000a64                _sbss = .
                0x0000000020000a64                __bss_start__ = _sbss
 *(.bss)
 .bss           0x0000000020000a64       0x1c /media/getz1165/LinuxExtended/st/ide/plugins/com.st.stm32cube.ide.mcu.externaltools.gnu-tools-for-stm32.7-2018-q2-update.linux64_1.5.0.202011040924/tools/bin/../lib/gcc/arm-none-eabi/7.3.1/thumb/v7e-m/fpv4-sp/hard/crtbegin.o
 *(.bss*)
 .bss.data_raw_acceleration
                0x0000000020000a80        0x6 Core/Src/main.o
 *fill*         0x0000000020000a86        0x2 
 .bss.acceleration_mg
                0x0000000020000a88        0xc Core/Src/main.o
 .bss.whoamI    0x0000000020000a94        0x1 Core/Src/main.o
 *fill*         0x0000000020000a95        0x3 
 .bss.tx_buffer