main.c:96:5:main	2328	static
main.c:253:6:SystemClock_Config	88	static
main.c:298:13:MX_CRC_Init	8	static
main.c:324:13:MX_I2C1_Init	8	static
main.c:358:13:MX_USART1_UART_Init	8	static
main.c:391:6:MX_USART2_UART_Init	8	static
main.c:424:13:MX_USART6_UART_Init	8	static
main.c:457:13:MX_GPIO_Init	48	static
main.c:496:16:platform_write	40	static
main.c:519:16:platform_read	40	static
main.c:539:13:tx_com	16	static
main.c:550:13:platform_delay	16	static
main.c:558:13:platform_init	4	static
main.c:567:6:Error_Handler	4	static
